============================= test session starts ==============================
platform darwin -- Python 3.13.12, pytest-9.0.3, pluggy-1.6.0
benchmark: 5.2.3 (defaults: timer=time.perf_counter disable_gc=False min_rounds=5 min_time=0.000005 max_time=1.0 calibration_precision=10 warmup=False warmup_iterations=100000)
rootdir: /Users/ericjanusson/Programming/MassFlow
configfile: pyproject.toml
plugins: benchmark-5.2.3, cov-7.1.0, anyio-4.13.0
collected 121 items / 34 errors

==================================== ERRORS ====================================
__________ ERROR collecting tests/benchmarks/test_matching_latency.py __________
ImportError while importing test module '/Users/ericjanusson/Programming/MassFlow/tests/benchmarks/test_matching_latency.py'.
Hint: make sure your test modules/packages have valid Python names.
Traceback:
/Library/Frameworks/Python.framework/Versions/3.13/lib/python3.13/importlib/__init__.py:88: in import_module
    return _bootstrap._gcd_import(name[level:], package, level)
           ^^^^^^^^^^^^^^^^^^^^^^^^^^^^^^^^^^^^^^^^^^^^^^^^^^^^
tests/benchmarks/test_matching_latency.py:3: in <module>
    from matchms import Spectrum
.venv/lib/python3.13/site-packages/matchms/__init__.py:2: in <module>
    from . import exporting, filtering, importing, networking, plotting, similarity
.venv/lib/python3.13/site-packages/matchms/importing/__init__.py:25: in <module>
    from .load_scores import scores_from_json, scores_from_pickle
.venv/lib/python3.13/site-packages/matchms/importing/load_scores.py:2: in <module>
    from matchms.Scores import ScoresBuilder
.venv/lib/python3.13/site-packages/matchms/Scores.py:7: in <module>
    from scipy.sparse import coo_matrix
.venv/lib/python3.13/site-packages/scipy/sparse/__init__.py:315: in <module>
    from . import csgraph
.venv/lib/python3.13/site-packages/scipy/sparse/csgraph/__init__.py:187: in <module>
    from ._laplacian import laplacian
.venv/lib/python3.13/site-packages/scipy/sparse/csgraph/_laplacian.py:7: in <module>
    from scipy.sparse.linalg import LinearOperator
.venv/lib/python3.13/site-packages/scipy/sparse/linalg/__init__.py:134: in <module>
    from ._eigen import *
.venv/lib/python3.13/site-packages/scipy/sparse/linalg/_eigen/__init__.py:11: in <module>
    from ._svds import svds
.venv/lib/python3.13/site-packages/scipy/sparse/linalg/_eigen/_svds.py:10: in <module>
    from scipy.sparse.linalg._svdp import _svdp
.venv/lib/python3.13/site-packages/scipy/sparse/linalg/_svdp.py:23: in <module>
    from ._propack import _spropack  # type: ignore[attr-defined]
    ^^^^^^^^^^^^^^^^^^^^^^^^^^^^^^^
E   ImportError: dlopen(/Users/ericjanusson/Programming/MassFlow/.venv/lib/python3.13/site-packages/scipy/sparse/linalg/_propack/_spropack.cpython-313-darwin.so, 0x0002): tried: '/Users/ericjanusson/Programming/MassFlow/.venv/lib/python3.13/site-packages/scipy/sparse/linalg/_propack/_spropack.cpython-313-darwin.so' (section '__DATA/__thread_bss' has a zero-fill section type, but offset field is not zero), '/System/Volumes/Preboot/Cryptexes/OS/Users/ericjanusson/Programming/MassFlow/.venv/lib/python3.13/site-packages/scipy/sparse/linalg/_propack/_spropack.cpython-313-darwin.so' (no such file), '/Users/ericjanusson/Programming/MassFlow/.venv/lib/python3.13/site-packages/scipy/sparse/linalg/_propack/_spropack.cpython-313-darwin.so' (section '__DATA/__thread_bss' has a zero-fill section type, but offset field is not zero)
____________ ERROR collecting tests/benchmarks/test_performance.py _____________
ImportError while importing test module '/Users/ericjanusson/Programming/MassFlow/tests/benchmarks/test_performance.py'.
Hint: make sure your test modules/packages have valid Python names.
Traceback:
/Library/Frameworks/Python.framework/Versions/3.13/lib/python3.13/importlib/__init__.py:88: in import_module
    return _bootstrap._gcd_import(name[level:], package, level)
           ^^^^^^^^^^^^^^^^^^^^^^^^^^^^^^^^^^^^^^^^^^^^^^^^^^^^
tests/benchmarks/test_performance.py:3: in <module>
    from MassFlow.io import _build_results_dataframe
src/MassFlow/io.py:26: in <module>
    from matchms import Spectrum
.venv/lib/python3.13/site-packages/matchms/__init__.py:2: in <module>
    from . import exporting, filtering, importing, networking, plotting, similarity
.venv/lib/python3.13/site-packages/matchms/importing/__init__.py:25: in <module>
    from .load_scores import scores_from_json, scores_from_pickle
.venv/lib/python3.13/site-packages/matchms/importing/load_scores.py:2: in <module>
    from matchms.Scores import ScoresBuilder
.venv/lib/python3.13/site-packages/matchms/Scores.py:7: in <module>
    from scipy.sparse import coo_matrix
.venv/lib/python3.13/site-packages/scipy/sparse/__init__.py:315: in <module>
    from . import csgraph
.venv/lib/python3.13/site-packages/scipy/sparse/csgraph/__init__.py:187: in <module>
    from ._laplacian import laplacian
.venv/lib/python3.13/site-packages/scipy/sparse/csgraph/_laplacian.py:7: in <module>
    from scipy.sparse.linalg import LinearOperator
.venv/lib/python3.13/site-packages/scipy/sparse/linalg/__init__.py:134: in <module>
    from ._eigen import *
.venv/lib/python3.13/site-packages/scipy/sparse/linalg/_eigen/__init__.py:11: in <module>
    from ._svds import svds
.venv/lib/python3.13/site-packages/scipy/sparse/linalg/_eigen/_svds.py:10: in <module>
    from scipy.sparse.linalg._svdp import _svdp
.venv/lib/python3.13/site-packages/scipy/sparse/linalg/_svdp.py:23: in <module>
    from ._propack import _spropack  # type: ignore[attr-defined]
    ^^^^^^^^^^^^^^^^^^^^^^^^^^^^^^^
E   ImportError: dlopen(/Users/ericjanusson/Programming/MassFlow/.venv/lib/python3.13/site-packages/scipy/sparse/linalg/_propack/_spropack.cpython-313-darwin.so, 0x0002): tried: '/Users/ericjanusson/Programming/MassFlow/.venv/lib/python3.13/site-packages/scipy/sparse/linalg/_propack/_spropack.cpython-313-darwin.so' (section '__DATA/__thread_bss' has a zero-fill section type, but offset field is not zero), '/System/Volumes/Preboot/Cryptexes/OS/Users/ericjanusson/Programming/MassFlow/.venv/lib/python3.13/site-packages/scipy/sparse/linalg/_propack/_spropack.cpython-313-darwin.so' (no such file), '/Users/ericjanusson/Programming/MassFlow/.venv/lib/python3.13/site-packages/scipy/sparse/linalg/_propack/_spropack.cpython-313-darwin.so' (section '__DATA/__thread_bss' has a zero-fill section type, but offset field is not zero)
___ ERROR collecting tests/scientific_validation/test_ground_truth_anchor.py ___
ImportError while importing test module '/Users/ericjanusson/Programming/MassFlow/tests/scientific_validation/test_ground_truth_anchor.py'.
Hint: make sure your test modules/packages have valid Python names.
Traceback:
/Library/Frameworks/Python.framework/Versions/3.13/lib/python3.13/importlib/__init__.py:88: in import_module
    return _bootstrap._gcd_import(name[level:], package, level)
           ^^^^^^^^^^^^^^^^^^^^^^^^^^^^^^^^^^^^^^^^^^^^^^^^^^^^
tests/scientific_validation/test_ground_truth_anchor.py:17: in <module>
    from matchms.importing import load_from_mgf
.venv/lib/python3.13/site-packages/matchms/__init__.py:2: in <module>
    from . import exporting, filtering, importing, networking, plotting, similarity
.venv/lib/python3.13/site-packages/matchms/importing/__init__.py:25: in <module>
    from .load_scores import scores_from_json, scores_from_pickle
.venv/lib/python3.13/site-packages/matchms/importing/load_scores.py:2: in <module>
    from matchms.Scores import ScoresBuilder
.venv/lib/python3.13/site-packages/matchms/Scores.py:7: in <module>
    from scipy.sparse import coo_matrix
.venv/lib/python3.13/site-packages/scipy/sparse/__init__.py:315: in <module>
    from . import csgraph
.venv/lib/python3.13/site-packages/scipy/sparse/csgraph/__init__.py:187: in <module>
    from ._laplacian import laplacian
.venv/lib/python3.13/site-packages/scipy/sparse/csgraph/_laplacian.py:7: in <module>
    from scipy.sparse.linalg import LinearOperator
.venv/lib/python3.13/site-packages/scipy/sparse/linalg/__init__.py:134: in <module>
    from ._eigen import *
.venv/lib/python3.13/site-packages/scipy/sparse/linalg/_eigen/__init__.py:11: in <module>
    from ._svds import svds
.venv/lib/python3.13/site-packages/scipy/sparse/linalg/_eigen/_svds.py:10: in <module>
    from scipy.sparse.linalg._svdp import _svdp
.venv/lib/python3.13/site-packages/scipy/sparse/linalg/_svdp.py:23: in <module>
    from ._propack import _spropack  # type: ignore[attr-defined]
    ^^^^^^^^^^^^^^^^^^^^^^^^^^^^^^^
E   ImportError: dlopen(/Users/ericjanusson/Programming/MassFlow/.venv/lib/python3.13/site-packages/scipy/sparse/linalg/_propack/_spropack.cpython-313-darwin.so, 0x0002): tried: '/Users/ericjanusson/Programming/MassFlow/.venv/lib/python3.13/site-packages/scipy/sparse/linalg/_propack/_spropack.cpython-313-darwin.so' (section '__DATA/__thread_bss' has a zero-fill section type, but offset field is not zero), '/System/Volumes/Preboot/Cryptexes/OS/Users/ericjanusson/Programming/MassFlow/.venv/lib/python3.13/site-packages/scipy/sparse/linalg/_propack/_spropack.cpython-313-darwin.so' (no such file), '/Users/ericjanusson/Programming/MassFlow/.venv/lib/python3.13/site-packages/scipy/sparse/linalg/_propack/_spropack.cpython-313-darwin.so' (section '__DATA/__thread_bss' has a zero-fill section type, but offset field is not zero)
_____________________ ERROR collecting tests/smoke_test.py _____________________
ImportError while importing test module '/Users/ericjanusson/Programming/MassFlow/tests/smoke_test.py'.
Hint: make sure your test modules/packages have valid Python names.
Traceback:
/Library/Frameworks/Python.framework/Versions/3.13/lib/python3.13/importlib/__init__.py:88: in import_module
    return _bootstrap._gcd_import(name[level:], package, level)
           ^^^^^^^^^^^^^^^^^^^^^^^^^^^^^^^^^^^^^^^^^^^^^^^^^^^^
tests/smoke_test.py:13: in <module>
    from matchms import Spectrum
.venv/lib/python3.13/site-packages/matchms/__init__.py:2: in <module>
    from . import exporting, filtering, importing, networking, plotting, similarity
.venv/lib/python3.13/site-packages/matchms/importing/__init__.py:25: in <module>
    from .load_scores import scores_from_json, scores_from_pickle
.venv/lib/python3.13/site-packages/matchms/importing/load_scores.py:2: in <module>
    from matchms.Scores import ScoresBuilder
.venv/lib/python3.13/site-packages/matchms/Scores.py:7: in <module>
    from scipy.sparse import coo_matrix
.venv/lib/python3.13/site-packages/scipy/sparse/__init__.py:315: in <module>
    from . import csgraph
.venv/lib/python3.13/site-packages/scipy/sparse/csgraph/__init__.py:187: in <module>
    from ._laplacian import laplacian
.venv/lib/python3.13/site-packages/scipy/sparse/csgraph/_laplacian.py:7: in <module>
    from scipy.sparse.linalg import LinearOperator
.venv/lib/python3.13/site-packages/scipy/sparse/linalg/__init__.py:134: in <module>
    from ._eigen import *
.venv/lib/python3.13/site-packages/scipy/sparse/linalg/_eigen/__init__.py:11: in <module>
    from ._svds import svds
.venv/lib/python3.13/site-packages/scipy/sparse/linalg/_eigen/_svds.py:10: in <module>
    from scipy.sparse.linalg._svdp import _svdp
.venv/lib/python3.13/site-packages/scipy/sparse/linalg/_svdp.py:23: in <module>
    from ._propack import _spropack  # type: ignore[attr-defined]
    ^^^^^^^^^^^^^^^^^^^^^^^^^^^^^^^
E   ImportError: dlopen(/Users/ericjanusson/Programming/MassFlow/.venv/lib/python3.13/site-packages/scipy/sparse/linalg/_propack/_spropack.cpython-313-darwin.so, 0x0002): tried: '/Users/ericjanusson/Programming/MassFlow/.venv/lib/python3.13/site-packages/scipy/sparse/linalg/_propack/_spropack.cpython-313-darwin.so' (section '__DATA/__thread_bss' has a zero-fill section type, but offset field is not zero), '/System/Volumes/Preboot/Cryptexes/OS/Users/ericjanusson/Programming/MassFlow/.venv/lib/python3.13/site-packages/scipy/sparse/linalg/_propack/_spropack.cpython-313-darwin.so' (no such file), '/Users/ericjanusson/Programming/MassFlow/.venv/lib/python3.13/site-packages/scipy/sparse/linalg/_propack/_spropack.cpython-313-darwin.so' (section '__DATA/__thread_bss' has a zero-fill section type, but offset field is not zero)
______________ ERROR collecting tests/test_annotation_coverage.py ______________
ImportError while importing test module '/Users/ericjanusson/Programming/MassFlow/tests/test_annotation_coverage.py'.
Hint: make sure your test modules/packages have valid Python names.
Traceback:
/Library/Frameworks/Python.framework/Versions/3.13/lib/python3.13/importlib/__init__.py:88: in import_module
    return _bootstrap._gcd_import(name[level:], package, level)
           ^^^^^^^^^^^^^^^^^^^^^^^^^^^^^^^^^^^^^^^^^^^^^^^^^^^^
tests/test_annotation_coverage.py:7: in <module>
    from matchms import Spectrum
.venv/lib/python3.13/site-packages/matchms/__init__.py:2: in <module>
    from . import exporting, filtering, importing, networking, plotting, similarity
.venv/lib/python3.13/site-packages/matchms/importing/__init__.py:25: in <module>
    from .load_scores import scores_from_json, scores_from_pickle
.venv/lib/python3.13/site-packages/matchms/importing/load_scores.py:2: in <module>
    from matchms.Scores import ScoresBuilder
.venv/lib/python3.13/site-packages/matchms/Scores.py:7: in <module>
    from scipy.sparse import coo_matrix
.venv/lib/python3.13/site-packages/scipy/sparse/__init__.py:315: in <module>
    from . import csgraph
.venv/lib/python3.13/site-packages/scipy/sparse/csgraph/__init__.py:187: in <module>
    from ._laplacian import laplacian
.venv/lib/python3.13/site-packages/scipy/sparse/csgraph/_laplacian.py:7: in <module>
    from scipy.sparse.linalg import LinearOperator
.venv/lib/python3.13/site-packages/scipy/sparse/linalg/__init__.py:134: in <module>
    from ._eigen import *
.venv/lib/python3.13/site-packages/scipy/sparse/linalg/_eigen/__init__.py:11: in <module>
    from ._svds import svds
.venv/lib/python3.13/site-packages/scipy/sparse/linalg/_eigen/_svds.py:10: in <module>
    from scipy.sparse.linalg._svdp import _svdp
.venv/lib/python3.13/site-packages/scipy/sparse/linalg/_svdp.py:23: in <module>
    from ._propack import _spropack  # type: ignore[attr-defined]
    ^^^^^^^^^^^^^^^^^^^^^^^^^^^^^^^
E   ImportError: dlopen(/Users/ericjanusson/Programming/MassFlow/.venv/lib/python3.13/site-packages/scipy/sparse/linalg/_propack/_spropack.cpython-313-darwin.so, 0x0002): tried: '/Users/ericjanusson/Programming/MassFlow/.venv/lib/python3.13/site-packages/scipy/sparse/linalg/_propack/_spropack.cpython-313-darwin.so' (section '__DATA/__thread_bss' has a zero-fill section type, but offset field is not zero), '/System/Volumes/Preboot/Cryptexes/OS/Users/ericjanusson/Programming/MassFlow/.venv/lib/python3.13/site-packages/scipy/sparse/linalg/_propack/_spropack.cpython-313-darwin.so' (no such file), '/Users/ericjanusson/Programming/MassFlow/.venv/lib/python3.13/site-packages/scipy/sparse/linalg/_propack/_spropack.cpython-313-darwin.so' (section '__DATA/__thread_bss' has a zero-fill section type, but offset field is not zero)
__________________ ERROR collecting tests/test_array_type.py ___________________
ImportError while importing test module '/Users/ericjanusson/Programming/MassFlow/tests/test_array_type.py'.
Hint: make sure your test modules/packages have valid Python names.
Traceback:
/Library/Frameworks/Python.framework/Versions/3.13/lib/python3.13/importlib/__init__.py:88: in import_module
    return _bootstrap._gcd_import(name[level:], package, level)
           ^^^^^^^^^^^^^^^^^^^^^^^^^^^^^^^^^^^^^^^^^^^^^^^^^^^^
tests/test_array_type.py:2: in <module>
    from matchms import Spectrum, calculate_scores
.venv/lib/python3.13/site-packages/matchms/__init__.py:2: in <module>
    from . import exporting, filtering, importing, networking, plotting, similarity
.venv/lib/python3.13/site-packages/matchms/importing/__init__.py:25: in <module>
    from .load_scores import scores_from_json, scores_from_pickle
.venv/lib/python3.13/site-packages/matchms/importing/load_scores.py:2: in <module>
    from matchms.Scores import ScoresBuilder
.venv/lib/python3.13/site-packages/matchms/Scores.py:7: in <module>
    from scipy.sparse import coo_matrix
.venv/lib/python3.13/site-packages/scipy/sparse/__init__.py:315: in <module>
    from . import csgraph
.venv/lib/python3.13/site-packages/scipy/sparse/csgraph/__init__.py:187: in <module>
    from ._laplacian import laplacian
.venv/lib/python3.13/site-packages/scipy/sparse/csgraph/_laplacian.py:7: in <module>
    from scipy.sparse.linalg import LinearOperator
.venv/lib/python3.13/site-packages/scipy/sparse/linalg/__init__.py:134: in <module>
    from ._eigen import *
.venv/lib/python3.13/site-packages/scipy/sparse/linalg/_eigen/__init__.py:11: in <module>
    from ._svds import svds
.venv/lib/python3.13/site-packages/scipy/sparse/linalg/_eigen/_svds.py:10: in <module>
    from scipy.sparse.linalg._svdp import _svdp
.venv/lib/python3.13/site-packages/scipy/sparse/linalg/_svdp.py:23: in <module>
    from ._propack import _spropack  # type: ignore[attr-defined]
    ^^^^^^^^^^^^^^^^^^^^^^^^^^^^^^^
E   ImportError: dlopen(/Users/ericjanusson/Programming/MassFlow/.venv/lib/python3.13/site-packages/scipy/sparse/linalg/_propack/_spropack.cpython-313-darwin.so, 0x0002): tried: '/Users/ericjanusson/Programming/MassFlow/.venv/lib/python3.13/site-packages/scipy/sparse/linalg/_propack/_spropack.cpython-313-darwin.so' (section '__DATA/__thread_bss' has a zero-fill section type, but offset field is not zero), '/System/Volumes/Preboot/Cryptexes/OS/Users/ericjanusson/Programming/MassFlow/.venv/lib/python3.13/site-packages/scipy/sparse/linalg/_propack/_spropack.cpython-313-darwin.so' (no such file), '/Users/ericjanusson/Programming/MassFlow/.venv/lib/python3.13/site-packages/scipy/sparse/linalg/_propack/_spropack.cpython-313-darwin.so' (section '__DATA/__thread_bss' has a zero-fill section type, but offset field is not zero)
_______________ ERROR collecting tests/test_array_type_large.py ________________
ImportError while importing test module '/Users/ericjanusson/Programming/MassFlow/tests/test_array_type_large.py'.
Hint: make sure your test modules/packages have valid Python names.
Traceback:
/Library/Frameworks/Python.framework/Versions/3.13/lib/python3.13/importlib/__init__.py:88: in import_module
    return _bootstrap._gcd_import(name[level:], package, level)
           ^^^^^^^^^^^^^^^^^^^^^^^^^^^^^^^^^^^^^^^^^^^^^^^^^^^^
tests/test_array_type_large.py:2: in <module>
    from matchms import Spectrum, calculate_scores
.venv/lib/python3.13/site-packages/matchms/__init__.py:2: in <module>
    from . import exporting, filtering, importing, networking, plotting, similarity
.venv/lib/python3.13/site-packages/matchms/importing/__init__.py:25: in <module>
    from .load_scores import scores_from_json, scores_from_pickle
.venv/lib/python3.13/site-packages/matchms/importing/load_scores.py:2: in <module>
    from matchms.Scores import ScoresBuilder
.venv/lib/python3.13/site-packages/matchms/Scores.py:7: in <module>
    from scipy.sparse import coo_matrix
.venv/lib/python3.13/site-packages/scipy/sparse/__init__.py:315: in <module>
    from . import csgraph
.venv/lib/python3.13/site-packages/scipy/sparse/csgraph/__init__.py:187: in <module>
    from ._laplacian import laplacian
.venv/lib/python3.13/site-packages/scipy/sparse/csgraph/_laplacian.py:7: in <module>
    from scipy.sparse.linalg import LinearOperator
.venv/lib/python3.13/site-packages/scipy/sparse/linalg/__init__.py:134: in <module>
    from ._eigen import *
.venv/lib/python3.13/site-packages/scipy/sparse/linalg/_eigen/__init__.py:11: in <module>
    from ._svds import svds
.venv/lib/python3.13/site-packages/scipy/sparse/linalg/_eigen/_svds.py:10: in <module>
    from scipy.sparse.linalg._svdp import _svdp
.venv/lib/python3.13/site-packages/scipy/sparse/linalg/_svdp.py:23: in <module>
    from ._propack import _spropack  # type: ignore[attr-defined]
    ^^^^^^^^^^^^^^^^^^^^^^^^^^^^^^^
E   ImportError: dlopen(/Users/ericjanusson/Programming/MassFlow/.venv/lib/python3.13/site-packages/scipy/sparse/linalg/_propack/_spropack.cpython-313-darwin.so, 0x0002): tried: '/Users/ericjanusson/Programming/MassFlow/.venv/lib/python3.13/site-packages/scipy/sparse/linalg/_propack/_spropack.cpython-313-darwin.so' (section '__DATA/__thread_bss' has a zero-fill section type, but offset field is not zero), '/System/Volumes/Preboot/Cryptexes/OS/Users/ericjanusson/Programming/MassFlow/.venv/lib/python3.13/site-packages/scipy/sparse/linalg/_propack/_spropack.cpython-313-darwin.so' (no such file), '/Users/ericjanusson/Programming/MassFlow/.venv/lib/python3.13/site-packages/scipy/sparse/linalg/_propack/_spropack.cpython-313-darwin.so' (section '__DATA/__thread_bss' has a zero-fill section type, but offset field is not zero)
______________ ERROR collecting tests/test_cascade_end_to_end.py _______________
ImportError while importing test module '/Users/ericjanusson/Programming/MassFlow/tests/test_cascade_end_to_end.py'.
Hint: make sure your test modules/packages have valid Python names.
Traceback:
/Library/Frameworks/Python.framework/Versions/3.13/lib/python3.13/importlib/__init__.py:88: in import_module
    return _bootstrap._gcd_import(name[level:], package, level)
           ^^^^^^^^^^^^^^^^^^^^^^^^^^^^^^^^^^^^^^^^^^^^^^^^^^^^
tests/test_cascade_end_to_end.py:7: in <module>
    from matchms import Spectrum
.venv/lib/python3.13/site-packages/matchms/__init__.py:2: in <module>
    from . import exporting, filtering, importing, networking, plotting, similarity
.venv/lib/python3.13/site-packages/matchms/importing/__init__.py:25: in <module>
    from .load_scores import scores_from_json, scores_from_pickle
.venv/lib/python3.13/site-packages/matchms/importing/load_scores.py:2: in <module>
    from matchms.Scores import ScoresBuilder
.venv/lib/python3.13/site-packages/matchms/Scores.py:7: in <module>
    from scipy.sparse import coo_matrix
.venv/lib/python3.13/site-packages/scipy/sparse/__init__.py:315: in <module>
    from . import csgraph
.venv/lib/python3.13/site-packages/scipy/sparse/csgraph/__init__.py:187: in <module>
    from ._laplacian import laplacian
.venv/lib/python3.13/site-packages/scipy/sparse/csgraph/_laplacian.py:7: in <module>
    from scipy.sparse.linalg import LinearOperator
.venv/lib/python3.13/site-packages/scipy/sparse/linalg/__init__.py:134: in <module>
    from ._eigen import *
.venv/lib/python3.13/site-packages/scipy/sparse/linalg/_eigen/__init__.py:11: in <module>
    from ._svds import svds
.venv/lib/python3.13/site-packages/scipy/sparse/linalg/_eigen/_svds.py:10: in <module>
    from scipy.sparse.linalg._svdp import _svdp
.venv/lib/python3.13/site-packages/scipy/sparse/linalg/_svdp.py:23: in <module>
    from ._propack import _spropack  # type: ignore[attr-defined]
    ^^^^^^^^^^^^^^^^^^^^^^^^^^^^^^^
E   ImportError: dlopen(/Users/ericjanusson/Programming/MassFlow/.venv/lib/python3.13/site-packages/scipy/sparse/linalg/_propack/_spropack.cpython-313-darwin.so, 0x0002): tried: '/Users/ericjanusson/Programming/MassFlow/.venv/lib/python3.13/site-packages/scipy/sparse/linalg/_propack/_spropack.cpython-313-darwin.so' (section '__DATA/__thread_bss' has a zero-fill section type, but offset field is not zero), '/System/Volumes/Preboot/Cryptexes/OS/Users/ericjanusson/Programming/MassFlow/.venv/lib/python3.13/site-packages/scipy/sparse/linalg/_propack/_spropack.cpython-313-darwin.so' (no such file), '/Users/ericjanusson/Programming/MassFlow/.venv/lib/python3.13/site-packages/scipy/sparse/linalg/_propack/_spropack.cpython-313-darwin.so' (section '__DATA/__thread_bss' has a zero-fill section type, but offset field is not zero)
______________ ERROR collecting tests/test_cascade_performance.py ______________
ImportError while importing test module '/Users/ericjanusson/Programming/MassFlow/tests/test_cascade_performance.py'.
Hint: make sure your test modules/packages have valid Python names.
Traceback:
/Library/Frameworks/Python.framework/Versions/3.13/lib/python3.13/importlib/__init__.py:88: in import_module
    return _bootstrap._gcd_import(name[level:], package, level)
           ^^^^^^^^^^^^^^^^^^^^^^^^^^^^^^^^^^^^^^^^^^^^^^^^^^^^
tests/test_cascade_performance.py:9: in <module>
    from matchms import Spectrum
.venv/lib/python3.13/site-packages/matchms/__init__.py:2: in <module>
    from . import exporting, filtering, importing, networking, plotting, similarity
.venv/lib/python3.13/site-packages/matchms/importing/__init__.py:25: in <module>
    from .load_scores import scores_from_json, scores_from_pickle
.venv/lib/python3.13/site-packages/matchms/importing/load_scores.py:2: in <module>
    from matchms.Scores import ScoresBuilder
.venv/lib/python3.13/site-packages/matchms/Scores.py:7: in <module>
    from scipy.sparse import coo_matrix
.venv/lib/python3.13/site-packages/scipy/sparse/__init__.py:315: in <module>
    from . import csgraph
.venv/lib/python3.13/site-packages/scipy/sparse/csgraph/__init__.py:187: in <module>
    from ._laplacian import laplacian
.venv/lib/python3.13/site-packages/scipy/sparse/csgraph/_laplacian.py:7: in <module>
    from scipy.sparse.linalg import LinearOperator
.venv/lib/python3.13/site-packages/scipy/sparse/linalg/__init__.py:134: in <module>
    from ._eigen import *
.venv/lib/python3.13/site-packages/scipy/sparse/linalg/_eigen/__init__.py:11: in <module>
    from ._svds import svds
.venv/lib/python3.13/site-packages/scipy/sparse/linalg/_eigen/_svds.py:10: in <module>
    from scipy.sparse.linalg._svdp import _svdp
.venv/lib/python3.13/site-packages/scipy/sparse/linalg/_svdp.py:23: in <module>
    from ._propack import _spropack  # type: ignore[attr-defined]
    ^^^^^^^^^^^^^^^^^^^^^^^^^^^^^^^
E   ImportError: dlopen(/Users/ericjanusson/Programming/MassFlow/.venv/lib/python3.13/site-packages/scipy/sparse/linalg/_propack/_spropack.cpython-313-darwin.so, 0x0002): tried: '/Users/ericjanusson/Programming/MassFlow/.venv/lib/python3.13/site-packages/scipy/sparse/linalg/_propack/_spropack.cpython-313-darwin.so' (section '__DATA/__thread_bss' has a zero-fill section type, but offset field is not zero), '/System/Volumes/Preboot/Cryptexes/OS/Users/ericjanusson/Programming/MassFlow/.venv/lib/python3.13/site-packages/scipy/sparse/linalg/_propack/_spropack.cpython-313-darwin.so' (no such file), '/Users/ericjanusson/Programming/MassFlow/.venv/lib/python3.13/site-packages/scipy/sparse/linalg/_propack/_spropack.cpython-313-darwin.so' (section '__DATA/__thread_bss' has a zero-fill section type, but offset field is not zero)
________________ ERROR collecting tests/test_core_edge_cases.py ________________
ImportError while importing test module '/Users/ericjanusson/Programming/MassFlow/tests/test_core_edge_cases.py'.
Hint: make sure your test modules/packages have valid Python names.
Traceback:
/Library/Frameworks/Python.framework/Versions/3.13/lib/python3.13/importlib/__init__.py:88: in import_module
    return _bootstrap._gcd_import(name[level:], package, level)
           ^^^^^^^^^^^^^^^^^^^^^^^^^^^^^^^^^^^^^^^^^^^^^^^^^^^^
tests/test_core_edge_cases.py:3: in <module>
    from matchms import Spectrum
.venv/lib/python3.13/site-packages/matchms/__init__.py:2: in <module>
    from . import exporting, filtering, importing, networking, plotting, similarity
.venv/lib/python3.13/site-packages/matchms/importing/__init__.py:25: in <module>
    from .load_scores import scores_from_json, scores_from_pickle
.venv/lib/python3.13/site-packages/matchms/importing/load_scores.py:2: in <module>
    from matchms.Scores import ScoresBuilder
.venv/lib/python3.13/site-packages/matchms/Scores.py:7: in <module>
    from scipy.sparse import coo_matrix
.venv/lib/python3.13/site-packages/scipy/sparse/__init__.py:315: in <module>
    from . import csgraph
.venv/lib/python3.13/site-packages/scipy/sparse/csgraph/__init__.py:187: in <module>
    from ._laplacian import laplacian
.venv/lib/python3.13/site-packages/scipy/sparse/csgraph/_laplacian.py:7: in <module>
    from scipy.sparse.linalg import LinearOperator
.venv/lib/python3.13/site-packages/scipy/sparse/linalg/__init__.py:134: in <module>
    from ._eigen import *
.venv/lib/python3.13/site-packages/scipy/sparse/linalg/_eigen/__init__.py:11: in <module>
    from ._svds import svds
.venv/lib/python3.13/site-packages/scipy/sparse/linalg/_eigen/_svds.py:10: in <module>
    from scipy.sparse.linalg._svdp import _svdp
.venv/lib/python3.13/site-packages/scipy/sparse/linalg/_svdp.py:23: in <module>
    from ._propack import _spropack  # type: ignore[attr-defined]
    ^^^^^^^^^^^^^^^^^^^^^^^^^^^^^^^
E   ImportError: dlopen(/Users/ericjanusson/Programming/MassFlow/.venv/lib/python3.13/site-packages/scipy/sparse/linalg/_propack/_spropack.cpython-313-darwin.so, 0x0002): tried: '/Users/ericjanusson/Programming/MassFlow/.venv/lib/python3.13/site-packages/scipy/sparse/linalg/_propack/_spropack.cpython-313-darwin.so' (section '__DATA/__thread_bss' has a zero-fill section type, but offset field is not zero), '/System/Volumes/Preboot/Cryptexes/OS/Users/ericjanusson/Programming/MassFlow/.venv/lib/python3.13/site-packages/scipy/sparse/linalg/_propack/_spropack.cpython-313-darwin.so' (no such file), '/Users/ericjanusson/Programming/MassFlow/.venv/lib/python3.13/site-packages/scipy/sparse/linalg/_propack/_spropack.cpython-313-darwin.so' (section '__DATA/__thread_bss' has a zero-fill section type, but offset field is not zero)
___________________ ERROR collecting tests/test_database.py ____________________
ImportError while importing test module '/Users/ericjanusson/Programming/MassFlow/tests/test_database.py'.
Hint: make sure your test modules/packages have valid Python names.
Traceback:
/Library/Frameworks/Python.framework/Versions/3.13/lib/python3.13/importlib/__init__.py:88: in import_module
    return _bootstrap._gcd_import(name[level:], package, level)
           ^^^^^^^^^^^^^^^^^^^^^^^^^^^^^^^^^^^^^^^^^^^^^^^^^^^^
tests/test_database.py:5: in <module>
    from matchms import Spectrum
.venv/lib/python3.13/site-packages/matchms/__init__.py:2: in <module>
    from . import exporting, filtering, importing, networking, plotting, similarity
.venv/lib/python3.13/site-packages/matchms/importing/__init__.py:25: in <module>
    from .load_scores import scores_from_json, scores_from_pickle
.venv/lib/python3.13/site-packages/matchms/importing/load_scores.py:2: in <module>
    from matchms.Scores import ScoresBuilder
.venv/lib/python3.13/site-packages/matchms/Scores.py:7: in <module>
    from scipy.sparse import coo_matrix
.venv/lib/python3.13/site-packages/scipy/sparse/__init__.py:315: in <module>
    from . import csgraph
.venv/lib/python3.13/site-packages/scipy/sparse/csgraph/__init__.py:187: in <module>
    from ._laplacian import laplacian
.venv/lib/python3.13/site-packages/scipy/sparse/csgraph/_laplacian.py:7: in <module>
    from scipy.sparse.linalg import LinearOperator
.venv/lib/python3.13/site-packages/scipy/sparse/linalg/__init__.py:134: in <module>
    from ._eigen import *
.venv/lib/python3.13/site-packages/scipy/sparse/linalg/_eigen/__init__.py:11: in <module>
    from ._svds import svds
.venv/lib/python3.13/site-packages/scipy/sparse/linalg/_eigen/_svds.py:10: in <module>
    from scipy.sparse.linalg._svdp import _svdp
.venv/lib/python3.13/site-packages/scipy/sparse/linalg/_svdp.py:23: in <module>
    from ._propack import _spropack  # type: ignore[attr-defined]
    ^^^^^^^^^^^^^^^^^^^^^^^^^^^^^^^
E   ImportError: dlopen(/Users/ericjanusson/Programming/MassFlow/.venv/lib/python3.13/site-packages/scipy/sparse/linalg/_propack/_spropack.cpython-313-darwin.so, 0x0002): tried: '/Users/ericjanusson/Programming/MassFlow/.venv/lib/python3.13/site-packages/scipy/sparse/linalg/_propack/_spropack.cpython-313-darwin.so' (section '__DATA/__thread_bss' has a zero-fill section type, but offset field is not zero), '/System/Volumes/Preboot/Cryptexes/OS/Users/ericjanusson/Programming/MassFlow/.venv/lib/python3.13/site-packages/scipy/sparse/linalg/_propack/_spropack.cpython-313-darwin.so' (no such file), '/Users/ericjanusson/Programming/MassFlow/.venv/lib/python3.13/site-packages/scipy/sparse/linalg/_propack/_spropack.cpython-313-darwin.so' (section '__DATA/__thread_bss' has a zero-fill section type, but offset field is not zero)
_______________ ERROR collecting tests/test_decoy_generation.py ________________
ImportError while importing test module '/Users/ericjanusson/Programming/MassFlow/tests/test_decoy_generation.py'.
Hint: make sure your test modules/packages have valid Python names.
Traceback:
/Library/Frameworks/Python.framework/Versions/3.13/lib/python3.13/importlib/__init__.py:88: in import_module
    return _bootstrap._gcd_import(name[level:], package, level)
           ^^^^^^^^^^^^^^^^^^^^^^^^^^^^^^^^^^^^^^^^^^^^^^^^^^^^
tests/test_decoy_generation.py:9: in <module>
    from matchms import Spectrum
.venv/lib/python3.13/site-packages/matchms/__init__.py:2: in <module>
    from . import exporting, filtering, importing, networking, plotting, similarity
.venv/lib/python3.13/site-packages/matchms/importing/__init__.py:25: in <module>
    from .load_scores import scores_from_json, scores_from_pickle
.venv/lib/python3.13/site-packages/matchms/importing/load_scores.py:2: in <module>
    from matchms.Scores import ScoresBuilder
.venv/lib/python3.13/site-packages/matchms/Scores.py:7: in <module>
    from scipy.sparse import coo_matrix
.venv/lib/python3.13/site-packages/scipy/sparse/__init__.py:315: in <module>
    from . import csgraph
.venv/lib/python3.13/site-packages/scipy/sparse/csgraph/__init__.py:187: in <module>
    from ._laplacian import laplacian
.venv/lib/python3.13/site-packages/scipy/sparse/csgraph/_laplacian.py:7: in <module>
    from scipy.sparse.linalg import LinearOperator
.venv/lib/python3.13/site-packages/scipy/sparse/linalg/__init__.py:134: in <module>
    from ._eigen import *
.venv/lib/python3.13/site-packages/scipy/sparse/linalg/_eigen/__init__.py:11: in <module>
    from ._svds import svds
.venv/lib/python3.13/site-packages/scipy/sparse/linalg/_eigen/_svds.py:10: in <module>
    from scipy.sparse.linalg._svdp import _svdp
.venv/lib/python3.13/site-packages/scipy/sparse/linalg/_svdp.py:23: in <module>
    from ._propack import _spropack  # type: ignore[attr-defined]
    ^^^^^^^^^^^^^^^^^^^^^^^^^^^^^^^
E   ImportError: dlopen(/Users/ericjanusson/Programming/MassFlow/.venv/lib/python3.13/site-packages/scipy/sparse/linalg/_propack/_spropack.cpython-313-darwin.so, 0x0002): tried: '/Users/ericjanusson/Programming/MassFlow/.venv/lib/python3.13/site-packages/scipy/sparse/linalg/_propack/_spropack.cpython-313-darwin.so' (section '__DATA/__thread_bss' has a zero-fill section type, but offset field is not zero), '/System/Volumes/Preboot/Cryptexes/OS/Users/ericjanusson/Programming/MassFlow/.venv/lib/python3.13/site-packages/scipy/sparse/linalg/_propack/_spropack.cpython-313-darwin.so' (no such file), '/Users/ericjanusson/Programming/MassFlow/.venv/lib/python3.13/site-packages/scipy/sparse/linalg/_propack/_spropack.cpython-313-darwin.so' (section '__DATA/__thread_bss' has a zero-fill section type, but offset field is not zero)
________________ ERROR collecting tests/test_end_to_end_mvp.py _________________
ImportError while importing test module '/Users/ericjanusson/Programming/MassFlow/tests/test_end_to_end_mvp.py'.
Hint: make sure your test modules/packages have valid Python names.
Traceback:
/Library/Frameworks/Python.framework/Versions/3.13/lib/python3.13/importlib/__init__.py:88: in import_module
    return _bootstrap._gcd_import(name[level:], package, level)
           ^^^^^^^^^^^^^^^^^^^^^^^^^^^^^^^^^^^^^^^^^^^^^^^^^^^^
tests/test_end_to_end_mvp.py:4: in <module>
    from matchms import Spectrum
.venv/lib/python3.13/site-packages/matchms/__init__.py:2: in <module>
    from . import exporting, filtering, importing, networking, plotting, similarity
.venv/lib/python3.13/site-packages/matchms/importing/__init__.py:25: in <module>
    from .load_scores import scores_from_json, scores_from_pickle
.venv/lib/python3.13/site-packages/matchms/importing/load_scores.py:2: in <module>
    from matchms.Scores import ScoresBuilder
.venv/lib/python3.13/site-packages/matchms/Scores.py:7: in <module>
    from scipy.sparse import coo_matrix
.venv/lib/python3.13/site-packages/scipy/sparse/__init__.py:315: in <module>
    from . import csgraph
.venv/lib/python3.13/site-packages/scipy/sparse/csgraph/__init__.py:187: in <module>
    from ._laplacian import laplacian
.venv/lib/python3.13/site-packages/scipy/sparse/csgraph/_laplacian.py:7: in <module>
    from scipy.sparse.linalg import LinearOperator
.venv/lib/python3.13/site-packages/scipy/sparse/linalg/__init__.py:134: in <module>
    from ._eigen import *
.venv/lib/python3.13/site-packages/scipy/sparse/linalg/_eigen/__init__.py:11: in <module>
    from ._svds import svds
.venv/lib/python3.13/site-packages/scipy/sparse/linalg/_eigen/_svds.py:10: in <module>
    from scipy.sparse.linalg._svdp import _svdp
.venv/lib/python3.13/site-packages/scipy/sparse/linalg/_svdp.py:23: in <module>
    from ._propack import _spropack  # type: ignore[attr-defined]
    ^^^^^^^^^^^^^^^^^^^^^^^^^^^^^^^
E   ImportError: dlopen(/Users/ericjanusson/Programming/MassFlow/.venv/lib/python3.13/site-packages/scipy/sparse/linalg/_propack/_spropack.cpython-313-darwin.so, 0x0002): tried: '/Users/ericjanusson/Programming/MassFlow/.venv/lib/python3.13/site-packages/scipy/sparse/linalg/_propack/_spropack.cpython-313-darwin.so' (section '__DATA/__thread_bss' has a zero-fill section type, but offset field is not zero), '/System/Volumes/Preboot/Cryptexes/OS/Users/ericjanusson/Programming/MassFlow/.venv/lib/python3.13/site-packages/scipy/sparse/linalg/_propack/_spropack.cpython-313-darwin.so' (no such file), '/Users/ericjanusson/Programming/MassFlow/.venv/lib/python3.13/site-packages/scipy/sparse/linalg/_propack/_spropack.cpython-313-darwin.so' (section '__DATA/__thread_bss' has a zero-fill section type, but offset field is not zero)
______________________ ERROR collecting tests/test_fdr.py ______________________
ImportError while importing test module '/Users/ericjanusson/Programming/MassFlow/tests/test_fdr.py'.
Hint: make sure your test modules/packages have valid Python names.
Traceback:
/Library/Frameworks/Python.framework/Versions/3.13/lib/python3.13/importlib/__init__.py:88: in import_module
    return _bootstrap._gcd_import(name[level:], package, level)
           ^^^^^^^^^^^^^^^^^^^^^^^^^^^^^^^^^^^^^^^^^^^^^^^^^^^^
tests/test_fdr.py:8: in <module>
    from MassFlow.similarity import calculate_fdr
src/MassFlow/similarity.py:19: in <module>
    from matchms import Spectrum, calculate_scores
.venv/lib/python3.13/site-packages/matchms/__init__.py:2: in <module>
    from . import exporting, filtering, importing, networking, plotting, similarity
.venv/lib/python3.13/site-packages/matchms/importing/__init__.py:25: in <module>
    from .load_scores import scores_from_json, scores_from_pickle
.venv/lib/python3.13/site-packages/matchms/importing/load_scores.py:2: in <module>
    from matchms.Scores import ScoresBuilder
.venv/lib/python3.13/site-packages/matchms/Scores.py:7: in <module>
    from scipy.sparse import coo_matrix
.venv/lib/python3.13/site-packages/scipy/sparse/__init__.py:315: in <module>
    from . import csgraph
.venv/lib/python3.13/site-packages/scipy/sparse/csgraph/__init__.py:187: in <module>
    from ._laplacian import laplacian
.venv/lib/python3.13/site-packages/scipy/sparse/csgraph/_laplacian.py:7: in <module>
    from scipy.sparse.linalg import LinearOperator
.venv/lib/python3.13/site-packages/scipy/sparse/linalg/__init__.py:134: in <module>
    from ._eigen import *
.venv/lib/python3.13/site-packages/scipy/sparse/linalg/_eigen/__init__.py:11: in <module>
    from ._svds import svds
.venv/lib/python3.13/site-packages/scipy/sparse/linalg/_eigen/_svds.py:10: in <module>
    from scipy.sparse.linalg._svdp import _svdp
.venv/lib/python3.13/site-packages/scipy/sparse/linalg/_svdp.py:23: in <module>
    from ._propack import _spropack  # type: ignore[attr-defined]
    ^^^^^^^^^^^^^^^^^^^^^^^^^^^^^^^
E   ImportError: dlopen(/Users/ericjanusson/Programming/MassFlow/.venv/lib/python3.13/site-packages/scipy/sparse/linalg/_propack/_spropack.cpython-313-darwin.so, 0x0002): tried: '/Users/ericjanusson/Programming/MassFlow/.venv/lib/python3.13/site-packages/scipy/sparse/linalg/_propack/_spropack.cpython-313-darwin.so' (section '__DATA/__thread_bss' has a zero-fill section type, but offset field is not zero), '/System/Volumes/Preboot/Cryptexes/OS/Users/ericjanusson/Programming/MassFlow/.venv/lib/python3.13/site-packages/scipy/sparse/linalg/_propack/_spropack.cpython-313-darwin.so' (no such file), '/Users/ericjanusson/Programming/MassFlow/.venv/lib/python3.13/site-packages/scipy/sparse/linalg/_propack/_spropack.cpython-313-darwin.so' (section '__DATA/__thread_bss' has a zero-fill section type, but offset field is not zero)
________________ ERROR collecting tests/test_final_coverage.py _________________
ImportError while importing test module '/Users/ericjanusson/Programming/MassFlow/tests/test_final_coverage.py'.
Hint: make sure your test modules/packages have valid Python names.
Traceback:
/Library/Frameworks/Python.framework/Versions/3.13/lib/python3.13/importlib/__init__.py:88: in import_module
    return _bootstrap._gcd_import(name[level:], package, level)
           ^^^^^^^^^^^^^^^^^^^^^^^^^^^^^^^^^^^^^^^^^^^^^^^^^^^^
tests/test_final_coverage.py:9: in <module>
    from matchms import Spectrum
.venv/lib/python3.13/site-packages/matchms/__init__.py:2: in <module>
    from . import exporting, filtering, importing, networking, plotting, similarity
.venv/lib/python3.13/site-packages/matchms/importing/__init__.py:25: in <module>
    from .load_scores import scores_from_json, scores_from_pickle
.venv/lib/python3.13/site-packages/matchms/importing/load_scores.py:2: in <module>
    from matchms.Scores import ScoresBuilder
.venv/lib/python3.13/site-packages/matchms/Scores.py:7: in <module>
    from scipy.sparse import coo_matrix
.venv/lib/python3.13/site-packages/scipy/sparse/__init__.py:315: in <module>
    from . import csgraph
.venv/lib/python3.13/site-packages/scipy/sparse/csgraph/__init__.py:187: in <module>
    from ._laplacian import laplacian
.venv/lib/python3.13/site-packages/scipy/sparse/csgraph/_laplacian.py:7: in <module>
    from scipy.sparse.linalg import LinearOperator
.venv/lib/python3.13/site-packages/scipy/sparse/linalg/__init__.py:134: in <module>
    from ._eigen import *
.venv/lib/python3.13/site-packages/scipy/sparse/linalg/_eigen/__init__.py:11: in <module>
    from ._svds import svds
.venv/lib/python3.13/site-packages/scipy/sparse/linalg/_eigen/_svds.py:10: in <module>
    from scipy.sparse.linalg._svdp import _svdp
.venv/lib/python3.13/site-packages/scipy/sparse/linalg/_svdp.py:23: in <module>
    from ._propack import _spropack  # type: ignore[attr-defined]
    ^^^^^^^^^^^^^^^^^^^^^^^^^^^^^^^
E   ImportError: dlopen(/Users/ericjanusson/Programming/MassFlow/.venv/lib/python3.13/site-packages/scipy/sparse/linalg/_propack/_spropack.cpython-313-darwin.so, 0x0002): tried: '/Users/ericjanusson/Programming/MassFlow/.venv/lib/python3.13/site-packages/scipy/sparse/linalg/_propack/_spropack.cpython-313-darwin.so' (section '__DATA/__thread_bss' has a zero-fill section type, but offset field is not zero), '/System/Volumes/Preboot/Cryptexes/OS/Users/ericjanusson/Programming/MassFlow/.venv/lib/python3.13/site-packages/scipy/sparse/linalg/_propack/_spropack.cpython-313-darwin.so' (no such file), '/Users/ericjanusson/Programming/MassFlow/.venv/lib/python3.13/site-packages/scipy/sparse/linalg/_propack/_spropack.cpython-313-darwin.so' (section '__DATA/__thread_bss' has a zero-fill section type, but offset field is not zero)
______________________ ERROR collecting tests/test_io.py _______________________
ImportError while importing test module '/Users/ericjanusson/Programming/MassFlow/tests/test_io.py'.
Hint: make sure your test modules/packages have valid Python names.
Traceback:
/Library/Frameworks/Python.framework/Versions/3.13/lib/python3.13/importlib/__init__.py:88: in import_module
    return _bootstrap._gcd_import(name[level:], package, level)
           ^^^^^^^^^^^^^^^^^^^^^^^^^^^^^^^^^^^^^^^^^^^^^^^^^^^^
tests/test_io.py:9: in <module>
    from matchms import Spectrum
.venv/lib/python3.13/site-packages/matchms/__init__.py:2: in <module>
    from . import exporting, filtering, importing, networking, plotting, similarity
.venv/lib/python3.13/site-packages/matchms/importing/__init__.py:25: in <module>
    from .load_scores import scores_from_json, scores_from_pickle
.venv/lib/python3.13/site-packages/matchms/importing/load_scores.py:2: in <module>
    from matchms.Scores import ScoresBuilder
.venv/lib/python3.13/site-packages/matchms/Scores.py:7: in <module>
    from scipy.sparse import coo_matrix
.venv/lib/python3.13/site-packages/scipy/sparse/__init__.py:315: in <module>
    from . import csgraph
.venv/lib/python3.13/site-packages/scipy/sparse/csgraph/__init__.py:187: in <module>
    from ._laplacian import laplacian
.venv/lib/python3.13/site-packages/scipy/sparse/csgraph/_laplacian.py:7: in <module>
    from scipy.sparse.linalg import LinearOperator
.venv/lib/python3.13/site-packages/scipy/sparse/linalg/__init__.py:134: in <module>
    from ._eigen import *
.venv/lib/python3.13/site-packages/scipy/sparse/linalg/_eigen/__init__.py:11: in <module>
    from ._svds import svds
.venv/lib/python3.13/site-packages/scipy/sparse/linalg/_eigen/_svds.py:10: in <module>
    from scipy.sparse.linalg._svdp import _svdp
.venv/lib/python3.13/site-packages/scipy/sparse/linalg/_svdp.py:23: in <module>
    from ._propack import _spropack  # type: ignore[attr-defined]
    ^^^^^^^^^^^^^^^^^^^^^^^^^^^^^^^
E   ImportError: dlopen(/Users/ericjanusson/Programming/MassFlow/.venv/lib/python3.13/site-packages/scipy/sparse/linalg/_propack/_spropack.cpython-313-darwin.so, 0x0002): tried: '/Users/ericjanusson/Programming/MassFlow/.venv/lib/python3.13/site-packages/scipy/sparse/linalg/_propack/_spropack.cpython-313-darwin.so' (section '__DATA/__thread_bss' has a zero-fill section type, but offset field is not zero), '/System/Volumes/Preboot/Cryptexes/OS/Users/ericjanusson/Programming/MassFlow/.venv/lib/python3.13/site-packages/scipy/sparse/linalg/_propack/_spropack.cpython-313-darwin.so' (no such file), '/Users/ericjanusson/Programming/MassFlow/.venv/lib/python3.13/site-packages/scipy/sparse/linalg/_propack/_spropack.cpython-313-darwin.so' (section '__DATA/__thread_bss' has a zero-fill section type, but offset field is not zero)
______________ ERROR collecting tests/test_io_validation_layer.py ______________
ImportError while importing test module '/Users/ericjanusson/Programming/MassFlow/tests/test_io_validation_layer.py'.
Hint: make sure your test modules/packages have valid Python names.
Traceback:
/Library/Frameworks/Python.framework/Versions/3.13/lib/python3.13/importlib/__init__.py:88: in import_module
    return _bootstrap._gcd_import(name[level:], package, level)
           ^^^^^^^^^^^^^^^^^^^^^^^^^^^^^^^^^^^^^^^^^^^^^^^^^^^^
tests/test_io_validation_layer.py:6: in <module>
    from MassFlow.io import UnsupportedVendorFormatError, load_spectra
src/MassFlow/io.py:26: in <module>
    from matchms import Spectrum
.venv/lib/python3.13/site-packages/matchms/__init__.py:2: in <module>
    from . import exporting, filtering, importing, networking, plotting, similarity
.venv/lib/python3.13/site-packages/matchms/importing/__init__.py:25: in <module>
    from .load_scores import scores_from_json, scores_from_pickle
.venv/lib/python3.13/site-packages/matchms/importing/load_scores.py:2: in <module>
    from matchms.Scores import ScoresBuilder
.venv/lib/python3.13/site-packages/matchms/Scores.py:7: in <module>
    from scipy.sparse import coo_matrix
.venv/lib/python3.13/site-packages/scipy/sparse/__init__.py:315: in <module>
    from . import csgraph
.venv/lib/python3.13/site-packages/scipy/sparse/csgraph/__init__.py:187: in <module>
    from ._laplacian import laplacian
.venv/lib/python3.13/site-packages/scipy/sparse/csgraph/_laplacian.py:7: in <module>
    from scipy.sparse.linalg import LinearOperator
.venv/lib/python3.13/site-packages/scipy/sparse/linalg/__init__.py:134: in <module>
    from ._eigen import *
.venv/lib/python3.13/site-packages/scipy/sparse/linalg/_eigen/__init__.py:11: in <module>
    from ._svds import svds
.venv/lib/python3.13/site-packages/scipy/sparse/linalg/_eigen/_svds.py:10: in <module>
    from scipy.sparse.linalg._svdp import _svdp
.venv/lib/python3.13/site-packages/scipy/sparse/linalg/_svdp.py:23: in <module>
    from ._propack import _spropack  # type: ignore[attr-defined]
    ^^^^^^^^^^^^^^^^^^^^^^^^^^^^^^^
E   ImportError: dlopen(/Users/ericjanusson/Programming/MassFlow/.venv/lib/python3.13/site-packages/scipy/sparse/linalg/_propack/_spropack.cpython-313-darwin.so, 0x0002): tried: '/Users/ericjanusson/Programming/MassFlow/.venv/lib/python3.13/site-packages/scipy/sparse/linalg/_propack/_spropack.cpython-313-darwin.so' (section '__DATA/__thread_bss' has a zero-fill section type, but offset field is not zero), '/System/Volumes/Preboot/Cryptexes/OS/Users/ericjanusson/Programming/MassFlow/.venv/lib/python3.13/site-packages/scipy/sparse/linalg/_propack/_spropack.cpython-313-darwin.so' (no such file), '/Users/ericjanusson/Programming/MassFlow/.venv/lib/python3.13/site-packages/scipy/sparse/linalg/_propack/_spropack.cpython-313-darwin.so' (section '__DATA/__thread_bss' has a zero-fill section type, but offset field is not zero)
____________________ ERROR collecting tests/test_joblib.py _____________________
ImportError while importing test module '/Users/ericjanusson/Programming/MassFlow/tests/test_joblib.py'.
Hint: make sure your test modules/packages have valid Python names.
Traceback:
/Library/Frameworks/Python.framework/Versions/3.13/lib/python3.13/importlib/__init__.py:88: in import_module
    return _bootstrap._gcd_import(name[level:], package, level)
           ^^^^^^^^^^^^^^^^^^^^^^^^^^^^^^^^^^^^^^^^^^^^^^^^^^^^
tests/test_joblib.py:3: in <module>
    from matchms import Spectrum, calculate_scores
.venv/lib/python3.13/site-packages/matchms/__init__.py:2: in <module>
    from . import exporting, filtering, importing, networking, plotting, similarity
.venv/lib/python3.13/site-packages/matchms/importing/__init__.py:25: in <module>
    from .load_scores import scores_from_json, scores_from_pickle
.venv/lib/python3.13/site-packages/matchms/importing/load_scores.py:2: in <module>
    from matchms.Scores import ScoresBuilder
.venv/lib/python3.13/site-packages/matchms/Scores.py:7: in <module>
    from scipy.sparse import coo_matrix
.venv/lib/python3.13/site-packages/scipy/sparse/__init__.py:315: in <module>
    from . import csgraph
.venv/lib/python3.13/site-packages/scipy/sparse/csgraph/__init__.py:187: in <module>
    from ._laplacian import laplacian
.venv/lib/python3.13/site-packages/scipy/sparse/csgraph/_laplacian.py:7: in <module>
    from scipy.sparse.linalg import LinearOperator
.venv/lib/python3.13/site-packages/scipy/sparse/linalg/__init__.py:134: in <module>
    from ._eigen import *
.venv/lib/python3.13/site-packages/scipy/sparse/linalg/_eigen/__init__.py:11: in <module>
    from ._svds import svds
.venv/lib/python3.13/site-packages/scipy/sparse/linalg/_eigen/_svds.py:10: in <module>
    from scipy.sparse.linalg._svdp import _svdp
.venv/lib/python3.13/site-packages/scipy/sparse/linalg/_svdp.py:23: in <module>
    from ._propack import _spropack  # type: ignore[attr-defined]
    ^^^^^^^^^^^^^^^^^^^^^^^^^^^^^^^
E   ImportError: dlopen(/Users/ericjanusson/Programming/MassFlow/.venv/lib/python3.13/site-packages/scipy/sparse/linalg/_propack/_spropack.cpython-313-darwin.so, 0x0002): tried: '/Users/ericjanusson/Programming/MassFlow/.venv/lib/python3.13/site-packages/scipy/sparse/linalg/_propack/_spropack.cpython-313-darwin.so' (section '__DATA/__thread_bss' has a zero-fill section type, but offset field is not zero), '/System/Volumes/Preboot/Cryptexes/OS/Users/ericjanusson/Programming/MassFlow/.venv/lib/python3.13/site-packages/scipy/sparse/linalg/_propack/_spropack.cpython-313-darwin.so' (no such file), '/Users/ericjanusson/Programming/MassFlow/.venv/lib/python3.13/site-packages/scipy/sparse/linalg/_propack/_spropack.cpython-313-darwin.so' (section '__DATA/__thread_bss' has a zero-fill section type, but offset field is not zero)
__________________ ERROR collecting tests/test_migrations.py ___________________
ImportError while importing test module '/Users/ericjanusson/Programming/MassFlow/tests/test_migrations.py'.
Hint: make sure your test modules/packages have valid Python names.
Traceback:
/Library/Frameworks/Python.framework/Versions/3.13/lib/python3.13/importlib/__init__.py:88: in import_module
    return _bootstrap._gcd_import(name[level:], package, level)
           ^^^^^^^^^^^^^^^^^^^^^^^^^^^^^^^^^^^^^^^^^^^^^^^^^^^^
tests/test_migrations.py:14: in <module>
    from MassFlow.database import SpectralDatabase, migrate_legacy_peaks_database
src/MassFlow/database.py:50: in <module>
    from matchms import Spectrum
.venv/lib/python3.13/site-packages/matchms/__init__.py:2: in <module>
    from . import exporting, filtering, importing, networking, plotting, similarity
.venv/lib/python3.13/site-packages/matchms/importing/__init__.py:25: in <module>
    from .load_scores import scores_from_json, scores_from_pickle
.venv/lib/python3.13/site-packages/matchms/importing/load_scores.py:2: in <module>
    from matchms.Scores import ScoresBuilder
.venv/lib/python3.13/site-packages/matchms/Scores.py:7: in <module>
    from scipy.sparse import coo_matrix
.venv/lib/python3.13/site-packages/scipy/sparse/__init__.py:315: in <module>
    from . import csgraph
.venv/lib/python3.13/site-packages/scipy/sparse/csgraph/__init__.py:187: in <module>
    from ._laplacian import laplacian
.venv/lib/python3.13/site-packages/scipy/sparse/csgraph/_laplacian.py:7: in <module>
    from scipy.sparse.linalg import LinearOperator
.venv/lib/python3.13/site-packages/scipy/sparse/linalg/__init__.py:134: in <module>
    from ._eigen import *
.venv/lib/python3.13/site-packages/scipy/sparse/linalg/_eigen/__init__.py:11: in <module>
    from ._svds import svds
.venv/lib/python3.13/site-packages/scipy/sparse/linalg/_eigen/_svds.py:10: in <module>
    from scipy.sparse.linalg._svdp import _svdp
.venv/lib/python3.13/site-packages/scipy/sparse/linalg/_svdp.py:23: in <module>
    from ._propack import _spropack  # type: ignore[attr-defined]
    ^^^^^^^^^^^^^^^^^^^^^^^^^^^^^^^
E   ImportError: dlopen(/Users/ericjanusson/Programming/MassFlow/.venv/lib/python3.13/site-packages/scipy/sparse/linalg/_propack/_spropack.cpython-313-darwin.so, 0x0002): tried: '/Users/ericjanusson/Programming/MassFlow/.venv/lib/python3.13/site-packages/scipy/sparse/linalg/_propack/_spropack.cpython-313-darwin.so' (section '__DATA/__thread_bss' has a zero-fill section type, but offset field is not zero), '/System/Volumes/Preboot/Cryptexes/OS/Users/ericjanusson/Programming/MassFlow/.venv/lib/python3.13/site-packages/scipy/sparse/linalg/_propack/_spropack.cpython-313-darwin.so' (no such file), '/Users/ericjanusson/Programming/MassFlow/.venv/lib/python3.13/site-packages/scipy/sparse/linalg/_propack/_spropack.cpython-313-darwin.so' (section '__DATA/__thread_bss' has a zero-fill section type, but offset field is not zero)
_________________ ERROR collecting tests/test_ms1_prefilter.py _________________
ImportError while importing test module '/Users/ericjanusson/Programming/MassFlow/tests/test_ms1_prefilter.py'.
Hint: make sure your test modules/packages have valid Python names.
Traceback:
/Library/Frameworks/Python.framework/Versions/3.13/lib/python3.13/importlib/__init__.py:88: in import_module
    return _bootstrap._gcd_import(name[level:], package, level)
           ^^^^^^^^^^^^^^^^^^^^^^^^^^^^^^^^^^^^^^^^^^^^^^^^^^^^
tests/test_ms1_prefilter.py:8: in <module>
    from matchms import Spectrum
.venv/lib/python3.13/site-packages/matchms/__init__.py:2: in <module>
    from . import exporting, filtering, importing, networking, plotting, similarity
.venv/lib/python3.13/site-packages/matchms/importing/__init__.py:25: in <module>
    from .load_scores import scores_from_json, scores_from_pickle
.venv/lib/python3.13/site-packages/matchms/importing/load_scores.py:2: in <module>
    from matchms.Scores import ScoresBuilder
.venv/lib/python3.13/site-packages/matchms/Scores.py:7: in <module>
    from scipy.sparse import coo_matrix
.venv/lib/python3.13/site-packages/scipy/sparse/__init__.py:315: in <module>
    from . import csgraph
.venv/lib/python3.13/site-packages/scipy/sparse/csgraph/__init__.py:187: in <module>
    from ._laplacian import laplacian
.venv/lib/python3.13/site-packages/scipy/sparse/csgraph/_laplacian.py:7: in <module>
    from scipy.sparse.linalg import LinearOperator
.venv/lib/python3.13/site-packages/scipy/sparse/linalg/__init__.py:134: in <module>
    from ._eigen import *
.venv/lib/python3.13/site-packages/scipy/sparse/linalg/_eigen/__init__.py:11: in <module>
    from ._svds import svds
.venv/lib/python3.13/site-packages/scipy/sparse/linalg/_eigen/_svds.py:10: in <module>
    from scipy.sparse.linalg._svdp import _svdp
.venv/lib/python3.13/site-packages/scipy/sparse/linalg/_svdp.py:23: in <module>
    from ._propack import _spropack  # type: ignore[attr-defined]
    ^^^^^^^^^^^^^^^^^^^^^^^^^^^^^^^
E   ImportError: dlopen(/Users/ericjanusson/Programming/MassFlow/.venv/lib/python3.13/site-packages/scipy/sparse/linalg/_propack/_spropack.cpython-313-darwin.so, 0x0002): tried: '/Users/ericjanusson/Programming/MassFlow/.venv/lib/python3.13/site-packages/scipy/sparse/linalg/_propack/_spropack.cpython-313-darwin.so' (section '__DATA/__thread_bss' has a zero-fill section type, but offset field is not zero), '/System/Volumes/Preboot/Cryptexes/OS/Users/ericjanusson/Programming/MassFlow/.venv/lib/python3.13/site-packages/scipy/sparse/linalg/_propack/_spropack.cpython-313-darwin.so' (no such file), '/Users/ericjanusson/Programming/MassFlow/.venv/lib/python3.13/site-packages/scipy/sparse/linalg/_propack/_spropack.cpython-313-darwin.so' (section '__DATA/__thread_bss' has a zero-fill section type, but offset field is not zero)
________________ ERROR collecting tests/test_multiprocessing.py ________________
ImportError while importing test module '/Users/ericjanusson/Programming/MassFlow/tests/test_multiprocessing.py'.
Hint: make sure your test modules/packages have valid Python names.
Traceback:
/Library/Frameworks/Python.framework/Versions/3.13/lib/python3.13/importlib/__init__.py:88: in import_module
    return _bootstrap._gcd_import(name[level:], package, level)
           ^^^^^^^^^^^^^^^^^^^^^^^^^^^^^^^^^^^^^^^^^^^^^^^^^^^^
tests/test_multiprocessing.py:3: in <module>
    from matchms import Spectrum, calculate_scores
.venv/lib/python3.13/site-packages/matchms/__init__.py:2: in <module>
    from . import exporting, filtering, importing, networking, plotting, similarity
.venv/lib/python3.13/site-packages/matchms/importing/__init__.py:25: in <module>
    from .load_scores import scores_from_json, scores_from_pickle
.venv/lib/python3.13/site-packages/matchms/importing/load_scores.py:2: in <module>
    from matchms.Scores import ScoresBuilder
.venv/lib/python3.13/site-packages/matchms/Scores.py:7: in <module>
    from scipy.sparse import coo_matrix
.venv/lib/python3.13/site-packages/scipy/sparse/__init__.py:315: in <module>
    from . import csgraph
.venv/lib/python3.13/site-packages/scipy/sparse/csgraph/__init__.py:187: in <module>
    from ._laplacian import laplacian
.venv/lib/python3.13/site-packages/scipy/sparse/csgraph/_laplacian.py:7: in <module>
    from scipy.sparse.linalg import LinearOperator
.venv/lib/python3.13/site-packages/scipy/sparse/linalg/__init__.py:134: in <module>
    from ._eigen import *
.venv/lib/python3.13/site-packages/scipy/sparse/linalg/_eigen/__init__.py:11: in <module>
    from ._svds import svds
.venv/lib/python3.13/site-packages/scipy/sparse/linalg/_eigen/_svds.py:10: in <module>
    from scipy.sparse.linalg._svdp import _svdp
.venv/lib/python3.13/site-packages/scipy/sparse/linalg/_svdp.py:23: in <module>
    from ._propack import _spropack  # type: ignore[attr-defined]
    ^^^^^^^^^^^^^^^^^^^^^^^^^^^^^^^
E   ImportError: dlopen(/Users/ericjanusson/Programming/MassFlow/.venv/lib/python3.13/site-packages/scipy/sparse/linalg/_propack/_spropack.cpython-313-darwin.so, 0x0002): tried: '/Users/ericjanusson/Programming/MassFlow/.venv/lib/python3.13/site-packages/scipy/sparse/linalg/_propack/_spropack.cpython-313-darwin.so' (section '__DATA/__thread_bss' has a zero-fill section type, but offset field is not zero), '/System/Volumes/Preboot/Cryptexes/OS/Users/ericjanusson/Programming/MassFlow/.venv/lib/python3.13/site-packages/scipy/sparse/linalg/_propack/_spropack.cpython-313-darwin.so' (no such file), '/Users/ericjanusson/Programming/MassFlow/.venv/lib/python3.13/site-packages/scipy/sparse/linalg/_propack/_spropack.cpython-313-darwin.so' (section '__DATA/__thread_bss' has a zero-fill section type, but offset field is not zero)
_____________ ERROR collecting tests/test_multiprocessing_large.py _____________
ImportError while importing test module '/Users/ericjanusson/Programming/MassFlow/tests/test_multiprocessing_large.py'.
Hint: make sure your test modules/packages have valid Python names.
Traceback:
/Library/Frameworks/Python.framework/Versions/3.13/lib/python3.13/importlib/__init__.py:88: in import_module
    return _bootstrap._gcd_import(name[level:], package, level)
           ^^^^^^^^^^^^^^^^^^^^^^^^^^^^^^^^^^^^^^^^^^^^^^^^^^^^
tests/test_multiprocessing_large.py:3: in <module>
    from matchms import Spectrum, calculate_scores
.venv/lib/python3.13/site-packages/matchms/__init__.py:2: in <module>
    from . import exporting, filtering, importing, networking, plotting, similarity
.venv/lib/python3.13/site-packages/matchms/importing/__init__.py:25: in <module>
    from .load_scores import scores_from_json, scores_from_pickle
.venv/lib/python3.13/site-packages/matchms/importing/load_scores.py:2: in <module>
    from matchms.Scores import ScoresBuilder
.venv/lib/python3.13/site-packages/matchms/Scores.py:7: in <module>
    from scipy.sparse import coo_matrix
.venv/lib/python3.13/site-packages/scipy/sparse/__init__.py:315: in <module>
    from . import csgraph
.venv/lib/python3.13/site-packages/scipy/sparse/csgraph/__init__.py:187: in <module>
    from ._laplacian import laplacian
.venv/lib/python3.13/site-packages/scipy/sparse/csgraph/_laplacian.py:7: in <module>
    from scipy.sparse.linalg import LinearOperator
.venv/lib/python3.13/site-packages/scipy/sparse/linalg/__init__.py:134: in <module>
    from ._eigen import *
.venv/lib/python3.13/site-packages/scipy/sparse/linalg/_eigen/__init__.py:11: in <module>
    from ._svds import svds
.venv/lib/python3.13/site-packages/scipy/sparse/linalg/_eigen/_svds.py:10: in <module>
    from scipy.sparse.linalg._svdp import _svdp
.venv/lib/python3.13/site-packages/scipy/sparse/linalg/_svdp.py:23: in <module>
    from ._propack import _spropack  # type: ignore[attr-defined]
    ^^^^^^^^^^^^^^^^^^^^^^^^^^^^^^^
E   ImportError: dlopen(/Users/ericjanusson/Programming/MassFlow/.venv/lib/python3.13/site-packages/scipy/sparse/linalg/_propack/_spropack.cpython-313-darwin.so, 0x0002): tried: '/Users/ericjanusson/Programming/MassFlow/.venv/lib/python3.13/site-packages/scipy/sparse/linalg/_propack/_spropack.cpython-313-darwin.so' (section '__DATA/__thread_bss' has a zero-fill section type, but offset field is not zero), '/System/Volumes/Preboot/Cryptexes/OS/Users/ericjanusson/Programming/MassFlow/.venv/lib/python3.13/site-packages/scipy/sparse/linalg/_propack/_spropack.cpython-313-darwin.so' (no such file), '/Users/ericjanusson/Programming/MassFlow/.venv/lib/python3.13/site-packages/scipy/sparse/linalg/_propack/_spropack.cpython-313-darwin.so' (section '__DATA/__thread_bss' has a zero-fill section type, but offset field is not zero)
__________________ ERROR collecting tests/test_networking.py ___________________
ImportError while importing test module '/Users/ericjanusson/Programming/MassFlow/tests/test_networking.py'.
Hint: make sure your test modules/packages have valid Python names.
Traceback:
/Library/Frameworks/Python.framework/Versions/3.13/lib/python3.13/importlib/__init__.py:88: in import_module
    return _bootstrap._gcd_import(name[level:], package, level)
           ^^^^^^^^^^^^^^^^^^^^^^^^^^^^^^^^^^^^^^^^^^^^^^^^^^^^
tests/test_networking.py:8: in <module>
    from matchms import Spectrum
.venv/lib/python3.13/site-packages/matchms/__init__.py:2: in <module>
    from . import exporting, filtering, importing, networking, plotting, similarity
.venv/lib/python3.13/site-packages/matchms/importing/__init__.py:25: in <module>
    from .load_scores import scores_from_json, scores_from_pickle
.venv/lib/python3.13/site-packages/matchms/importing/load_scores.py:2: in <module>
    from matchms.Scores import ScoresBuilder
.venv/lib/python3.13/site-packages/matchms/Scores.py:7: in <module>
    from scipy.sparse import coo_matrix
.venv/lib/python3.13/site-packages/scipy/sparse/__init__.py:315: in <module>
    from . import csgraph
.venv/lib/python3.13/site-packages/scipy/sparse/csgraph/__init__.py:187: in <module>
    from ._laplacian import laplacian
.venv/lib/python3.13/site-packages/scipy/sparse/csgraph/_laplacian.py:7: in <module>
    from scipy.sparse.linalg import LinearOperator
.venv/lib/python3.13/site-packages/scipy/sparse/linalg/__init__.py:134: in <module>
    from ._eigen import *
.venv/lib/python3.13/site-packages/scipy/sparse/linalg/_eigen/__init__.py:11: in <module>
    from ._svds import svds
.venv/lib/python3.13/site-packages/scipy/sparse/linalg/_eigen/_svds.py:10: in <module>
    from scipy.sparse.linalg._svdp import _svdp
.venv/lib/python3.13/site-packages/scipy/sparse/linalg/_svdp.py:23: in <module>
    from ._propack import _spropack  # type: ignore[attr-defined]
    ^^^^^^^^^^^^^^^^^^^^^^^^^^^^^^^
E   ImportError: dlopen(/Users/ericjanusson/Programming/MassFlow/.venv/lib/python3.13/site-packages/scipy/sparse/linalg/_propack/_spropack.cpython-313-darwin.so, 0x0002): tried: '/Users/ericjanusson/Programming/MassFlow/.venv/lib/python3.13/site-packages/scipy/sparse/linalg/_propack/_spropack.cpython-313-darwin.so' (section '__DATA/__thread_bss' has a zero-fill section type, but offset field is not zero), '/System/Volumes/Preboot/Cryptexes/OS/Users/ericjanusson/Programming/MassFlow/.venv/lib/python3.13/site-packages/scipy/sparse/linalg/_propack/_spropack.cpython-313-darwin.so' (no such file), '/Users/ericjanusson/Programming/MassFlow/.venv/lib/python3.13/site-packages/scipy/sparse/linalg/_propack/_spropack.cpython-313-darwin.so' (section '__DATA/__thread_bss' has a zero-fill section type, but offset field is not zero)
________________ ERROR collecting tests/test_numba_prefilter.py ________________
ImportError while importing test module '/Users/ericjanusson/Programming/MassFlow/tests/test_numba_prefilter.py'.
Hint: make sure your test modules/packages have valid Python names.
Traceback:
/Library/Frameworks/Python.framework/Versions/3.13/lib/python3.13/importlib/__init__.py:88: in import_module
    return _bootstrap._gcd_import(name[level:], package, level)
           ^^^^^^^^^^^^^^^^^^^^^^^^^^^^^^^^^^^^^^^^^^^^^^^^^^^^
tests/test_numba_prefilter.py:3: in <module>
    from matchms import Spectrum
.venv/lib/python3.13/site-packages/matchms/__init__.py:2: in <module>
    from . import exporting, filtering, importing, networking, plotting, similarity
.venv/lib/python3.13/site-packages/matchms/importing/__init__.py:25: in <module>
    from .load_scores import scores_from_json, scores_from_pickle
.venv/lib/python3.13/site-packages/matchms/importing/load_scores.py:2: in <module>
    from matchms.Scores import ScoresBuilder
.venv/lib/python3.13/site-packages/matchms/Scores.py:7: in <module>
    from scipy.sparse import coo_matrix
.venv/lib/python3.13/site-packages/scipy/sparse/__init__.py:315: in <module>
    from . import csgraph
.venv/lib/python3.13/site-packages/scipy/sparse/csgraph/__init__.py:187: in <module>
    from ._laplacian import laplacian
.venv/lib/python3.13/site-packages/scipy/sparse/csgraph/_laplacian.py:7: in <module>
    from scipy.sparse.linalg import LinearOperator
.venv/lib/python3.13/site-packages/scipy/sparse/linalg/__init__.py:134: in <module>
    from ._eigen import *
.venv/lib/python3.13/site-packages/scipy/sparse/linalg/_eigen/__init__.py:11: in <module>
    from ._svds import svds
.venv/lib/python3.13/site-packages/scipy/sparse/linalg/_eigen/_svds.py:10: in <module>
    from scipy.sparse.linalg._svdp import _svdp
.venv/lib/python3.13/site-packages/scipy/sparse/linalg/_svdp.py:23: in <module>
    from ._propack import _spropack  # type: ignore[attr-defined]
    ^^^^^^^^^^^^^^^^^^^^^^^^^^^^^^^
E   ImportError: dlopen(/Users/ericjanusson/Programming/MassFlow/.venv/lib/python3.13/site-packages/scipy/sparse/linalg/_propack/_spropack.cpython-313-darwin.so, 0x0002): tried: '/Users/ericjanusson/Programming/MassFlow/.venv/lib/python3.13/site-packages/scipy/sparse/linalg/_propack/_spropack.cpython-313-darwin.so' (section '__DATA/__thread_bss' has a zero-fill section type, but offset field is not zero), '/System/Volumes/Preboot/Cryptexes/OS/Users/ericjanusson/Programming/MassFlow/.venv/lib/python3.13/site-packages/scipy/sparse/linalg/_propack/_spropack.cpython-313-darwin.so' (no such file), '/Users/ericjanusson/Programming/MassFlow/.venv/lib/python3.13/site-packages/scipy/sparse/linalg/_propack/_spropack.cpython-313-darwin.so' (section '__DATA/__thread_bss' has a zero-fill section type, but offset field is not zero)
___________________ ERROR collecting tests/test_pool_init.py ___________________
ImportError while importing test module '/Users/ericjanusson/Programming/MassFlow/tests/test_pool_init.py'.
Hint: make sure your test modules/packages have valid Python names.
Traceback:
/Library/Frameworks/Python.framework/Versions/3.13/lib/python3.13/importlib/__init__.py:88: in import_module
    return _bootstrap._gcd_import(name[level:], package, level)
           ^^^^^^^^^^^^^^^^^^^^^^^^^^^^^^^^^^^^^^^^^^^^^^^^^^^^
tests/test_pool_init.py:3: in <module>
    from matchms import Spectrum, calculate_scores
.venv/lib/python3.13/site-packages/matchms/__init__.py:2: in <module>
    from . import exporting, filtering, importing, networking, plotting, similarity
.venv/lib/python3.13/site-packages/matchms/importing/__init__.py:25: in <module>
    from .load_scores import scores_from_json, scores_from_pickle
.venv/lib/python3.13/site-packages/matchms/importing/load_scores.py:2: in <module>
    from matchms.Scores import ScoresBuilder
.venv/lib/python3.13/site-packages/matchms/Scores.py:7: in <module>
    from scipy.sparse import coo_matrix
.venv/lib/python3.13/site-packages/scipy/sparse/__init__.py:315: in <module>
    from . import csgraph
.venv/lib/python3.13/site-packages/scipy/sparse/csgraph/__init__.py:187: in <module>
    from ._laplacian import laplacian
.venv/lib/python3.13/site-packages/scipy/sparse/csgraph/_laplacian.py:7: in <module>
    from scipy.sparse.linalg import LinearOperator
.venv/lib/python3.13/site-packages/scipy/sparse/linalg/__init__.py:134: in <module>
    from ._eigen import *
.venv/lib/python3.13/site-packages/scipy/sparse/linalg/_eigen/__init__.py:11: in <module>
    from ._svds import svds
.venv/lib/python3.13/site-packages/scipy/sparse/linalg/_eigen/_svds.py:10: in <module>
    from scipy.sparse.linalg._svdp import _svdp
.venv/lib/python3.13/site-packages/scipy/sparse/linalg/_svdp.py:23: in <module>
    from ._propack import _spropack  # type: ignore[attr-defined]
    ^^^^^^^^^^^^^^^^^^^^^^^^^^^^^^^
E   ImportError: dlopen(/Users/ericjanusson/Programming/MassFlow/.venv/lib/python3.13/site-packages/scipy/sparse/linalg/_propack/_spropack.cpython-313-darwin.so, 0x0002): tried: '/Users/ericjanusson/Programming/MassFlow/.venv/lib/python3.13/site-packages/scipy/sparse/linalg/_propack/_spropack.cpython-313-darwin.so' (section '__DATA/__thread_bss' has a zero-fill section type, but offset field is not zero), '/System/Volumes/Preboot/Cryptexes/OS/Users/ericjanusson/Programming/MassFlow/.venv/lib/python3.13/site-packages/scipy/sparse/linalg/_propack/_spropack.cpython-313-darwin.so' (no such file), '/Users/ericjanusson/Programming/MassFlow/.venv/lib/python3.13/site-packages/scipy/sparse/linalg/_propack/_spropack.cpython-313-darwin.so' (section '__DATA/__thread_bss' has a zero-fill section type, but offset field is not zero)
__________________ ERROR collecting tests/test_processing.py ___________________
ImportError while importing test module '/Users/ericjanusson/Programming/MassFlow/tests/test_processing.py'.
Hint: make sure your test modules/packages have valid Python names.
Traceback:
/Library/Frameworks/Python.framework/Versions/3.13/lib/python3.13/importlib/__init__.py:88: in import_module
    return _bootstrap._gcd_import(name[level:], package, level)
           ^^^^^^^^^^^^^^^^^^^^^^^^^^^^^^^^^^^^^^^^^^^^^^^^^^^^
tests/test_processing.py:9: in <module>
    from matchms import Spectrum
.venv/lib/python3.13/site-packages/matchms/__init__.py:2: in <module>
    from . import exporting, filtering, importing, networking, plotting, similarity
.venv/lib/python3.13/site-packages/matchms/importing/__init__.py:25: in <module>
    from .load_scores import scores_from_json, scores_from_pickle
.venv/lib/python3.13/site-packages/matchms/importing/load_scores.py:2: in <module>
    from matchms.Scores import ScoresBuilder
.venv/lib/python3.13/site-packages/matchms/Scores.py:7: in <module>
    from scipy.sparse import coo_matrix
.venv/lib/python3.13/site-packages/scipy/sparse/__init__.py:315: in <module>
    from . import csgraph
.venv/lib/python3.13/site-packages/scipy/sparse/csgraph/__init__.py:187: in <module>
    from ._laplacian import laplacian
.venv/lib/python3.13/site-packages/scipy/sparse/csgraph/_laplacian.py:7: in <module>
    from scipy.sparse.linalg import LinearOperator
.venv/lib/python3.13/site-packages/scipy/sparse/linalg/__init__.py:134: in <module>
    from ._eigen import *
.venv/lib/python3.13/site-packages/scipy/sparse/linalg/_eigen/__init__.py:11: in <module>
    from ._svds import svds
.venv/lib/python3.13/site-packages/scipy/sparse/linalg/_eigen/_svds.py:10: in <module>
    from scipy.sparse.linalg._svdp import _svdp
.venv/lib/python3.13/site-packages/scipy/sparse/linalg/_svdp.py:23: in <module>
    from ._propack import _spropack  # type: ignore[attr-defined]
    ^^^^^^^^^^^^^^^^^^^^^^^^^^^^^^^
E   ImportError: dlopen(/Users/ericjanusson/Programming/MassFlow/.venv/lib/python3.13/site-packages/scipy/sparse/linalg/_propack/_spropack.cpython-313-darwin.so, 0x0002): tried: '/Users/ericjanusson/Programming/MassFlow/.venv/lib/python3.13/site-packages/scipy/sparse/linalg/_propack/_spropack.cpython-313-darwin.so' (section '__DATA/__thread_bss' has a zero-fill section type, but offset field is not zero), '/System/Volumes/Preboot/Cryptexes/OS/Users/ericjanusson/Programming/MassFlow/.venv/lib/python3.13/site-packages/scipy/sparse/linalg/_propack/_spropack.cpython-313-darwin.so' (no such file), '/Users/ericjanusson/Programming/MassFlow/.venv/lib/python3.13/site-packages/scipy/sparse/linalg/_propack/_spropack.cpython-313-darwin.so' (section '__DATA/__thread_bss' has a zero-fill section type, but offset field is not zero)
______________ ERROR collecting tests/test_scientific_failures.py ______________
ImportError while importing test module '/Users/ericjanusson/Programming/MassFlow/tests/test_scientific_failures.py'.
Hint: make sure your test modules/packages have valid Python names.
Traceback:
/Library/Frameworks/Python.framework/Versions/3.13/lib/python3.13/importlib/__init__.py:88: in import_module
    return _bootstrap._gcd_import(name[level:], package, level)
           ^^^^^^^^^^^^^^^^^^^^^^^^^^^^^^^^^^^^^^^^^^^^^^^^^^^^
tests/test_scientific_failures.py:2: in <module>
    from matchms import Spectrum
.venv/lib/python3.13/site-packages/matchms/__init__.py:2: in <module>
    from . import exporting, filtering, importing, networking, plotting, similarity
.venv/lib/python3.13/site-packages/matchms/importing/__init__.py:25: in <module>
    from .load_scores import scores_from_json, scores_from_pickle
.venv/lib/python3.13/site-packages/matchms/importing/load_scores.py:2: in <module>
    from matchms.Scores import ScoresBuilder
.venv/lib/python3.13/site-packages/matchms/Scores.py:7: in <module>
    from scipy.sparse import coo_matrix
.venv/lib/python3.13/site-packages/scipy/sparse/__init__.py:315: in <module>
    from . import csgraph
.venv/lib/python3.13/site-packages/scipy/sparse/csgraph/__init__.py:187: in <module>
    from ._laplacian import laplacian
.venv/lib/python3.13/site-packages/scipy/sparse/csgraph/_laplacian.py:7: in <module>
    from scipy.sparse.linalg import LinearOperator
.venv/lib/python3.13/site-packages/scipy/sparse/linalg/__init__.py:134: in <module>
    from ._eigen import *
.venv/lib/python3.13/site-packages/scipy/sparse/linalg/_eigen/__init__.py:11: in <module>
    from ._svds import svds
.venv/lib/python3.13/site-packages/scipy/sparse/linalg/_eigen/_svds.py:10: in <module>
    from scipy.sparse.linalg._svdp import _svdp
.venv/lib/python3.13/site-packages/scipy/sparse/linalg/_svdp.py:23: in <module>
    from ._propack import _spropack  # type: ignore[attr-defined]
    ^^^^^^^^^^^^^^^^^^^^^^^^^^^^^^^
E   ImportError: dlopen(/Users/ericjanusson/Programming/MassFlow/.venv/lib/python3.13/site-packages/scipy/sparse/linalg/_propack/_spropack.cpython-313-darwin.so, 0x0002): tried: '/Users/ericjanusson/Programming/MassFlow/.venv/lib/python3.13/site-packages/scipy/sparse/linalg/_propack/_spropack.cpython-313-darwin.so' (section '__DATA/__thread_bss' has a zero-fill section type, but offset field is not zero), '/System/Volumes/Preboot/Cryptexes/OS/Users/ericjanusson/Programming/MassFlow/.venv/lib/python3.13/site-packages/scipy/sparse/linalg/_propack/_spropack.cpython-313-darwin.so' (no such file), '/Users/ericjanusson/Programming/MassFlow/.venv/lib/python3.13/site-packages/scipy/sparse/linalg/_propack/_spropack.cpython-313-darwin.so' (section '__DATA/__thread_bss' has a zero-fill section type, but offset field is not zero)
__________________ ERROR collecting tests/test_similarity.py ___________________
ImportError while importing test module '/Users/ericjanusson/Programming/MassFlow/tests/test_similarity.py'.
Hint: make sure your test modules/packages have valid Python names.
Traceback:
/Library/Frameworks/Python.framework/Versions/3.13/lib/python3.13/importlib/__init__.py:88: in import_module
    return _bootstrap._gcd_import(name[level:], package, level)
           ^^^^^^^^^^^^^^^^^^^^^^^^^^^^^^^^^^^^^^^^^^^^^^^^^^^^
tests/test_similarity.py:10: in <module>
    from matchms import Spectrum
.venv/lib/python3.13/site-packages/matchms/__init__.py:2: in <module>
    from . import exporting, filtering, importing, networking, plotting, similarity
.venv/lib/python3.13/site-packages/matchms/importing/__init__.py:25: in <module>
    from .load_scores import scores_from_json, scores_from_pickle
.venv/lib/python3.13/site-packages/matchms/importing/load_scores.py:2: in <module>
    from matchms.Scores import ScoresBuilder
.venv/lib/python3.13/site-packages/matchms/Scores.py:7: in <module>
    from scipy.sparse import coo_matrix
.venv/lib/python3.13/site-packages/scipy/sparse/__init__.py:315: in <module>
    from . import csgraph
.venv/lib/python3.13/site-packages/scipy/sparse/csgraph/__init__.py:187: in <module>
    from ._laplacian import laplacian
.venv/lib/python3.13/site-packages/scipy/sparse/csgraph/_laplacian.py:7: in <module>
    from scipy.sparse.linalg import LinearOperator
.venv/lib/python3.13/site-packages/scipy/sparse/linalg/__init__.py:134: in <module>
    from ._eigen import *
.venv/lib/python3.13/site-packages/scipy/sparse/linalg/_eigen/__init__.py:11: in <module>
    from ._svds import svds
.venv/lib/python3.13/site-packages/scipy/sparse/linalg/_eigen/_svds.py:10: in <module>
    from scipy.sparse.linalg._svdp import _svdp
.venv/lib/python3.13/site-packages/scipy/sparse/linalg/_svdp.py:23: in <module>
    from ._propack import _spropack  # type: ignore[attr-defined]
    ^^^^^^^^^^^^^^^^^^^^^^^^^^^^^^^
E   ImportError: dlopen(/Users/ericjanusson/Programming/MassFlow/.venv/lib/python3.13/site-packages/scipy/sparse/linalg/_propack/_spropack.cpython-313-darwin.so, 0x0002): tried: '/Users/ericjanusson/Programming/MassFlow/.venv/lib/python3.13/site-packages/scipy/sparse/linalg/_propack/_spropack.cpython-313-darwin.so' (section '__DATA/__thread_bss' has a zero-fill section type, but offset field is not zero), '/System/Volumes/Preboot/Cryptexes/OS/Users/ericjanusson/Programming/MassFlow/.venv/lib/python3.13/site-packages/scipy/sparse/linalg/_propack/_spropack.cpython-313-darwin.so' (no such file), '/Users/ericjanusson/Programming/MassFlow/.venv/lib/python3.13/site-packages/scipy/sparse/linalg/_propack/_spropack.cpython-313-darwin.so' (section '__DATA/__thread_bss' has a zero-fill section type, but offset field is not zero)
_______________ ERROR collecting tests/test_similarity_engine.py _______________
ImportError while importing test module '/Users/ericjanusson/Programming/MassFlow/tests/test_similarity_engine.py'.
Hint: make sure your test modules/packages have valid Python names.
Traceback:
/Library/Frameworks/Python.framework/Versions/3.13/lib/python3.13/importlib/__init__.py:88: in import_module
    return _bootstrap._gcd_import(name[level:], package, level)
           ^^^^^^^^^^^^^^^^^^^^^^^^^^^^^^^^^^^^^^^^^^^^^^^^^^^^
tests/test_similarity_engine.py:14: in <module>
    from MassFlow.similarity import (
src/MassFlow/similarity.py:19: in <module>
    from matchms import Spectrum, calculate_scores
.venv/lib/python3.13/site-packages/matchms/__init__.py:2: in <module>
    from . import exporting, filtering, importing, networking, plotting, similarity
.venv/lib/python3.13/site-packages/matchms/importing/__init__.py:25: in <module>
    from .load_scores import scores_from_json, scores_from_pickle
.venv/lib/python3.13/site-packages/matchms/importing/load_scores.py:2: in <module>
    from matchms.Scores import ScoresBuilder
.venv/lib/python3.13/site-packages/matchms/Scores.py:7: in <module>
    from scipy.sparse import coo_matrix
.venv/lib/python3.13/site-packages/scipy/sparse/__init__.py:315: in <module>
    from . import csgraph
.venv/lib/python3.13/site-packages/scipy/sparse/csgraph/__init__.py:187: in <module>
    from ._laplacian import laplacian
.venv/lib/python3.13/site-packages/scipy/sparse/csgraph/_laplacian.py:7: in <module>
    from scipy.sparse.linalg import LinearOperator
.venv/lib/python3.13/site-packages/scipy/sparse/linalg/__init__.py:134: in <module>
    from ._eigen import *
.venv/lib/python3.13/site-packages/scipy/sparse/linalg/_eigen/__init__.py:11: in <module>
    from ._svds import svds
.venv/lib/python3.13/site-packages/scipy/sparse/linalg/_eigen/_svds.py:10: in <module>
    from scipy.sparse.linalg._svdp import _svdp
.venv/lib/python3.13/site-packages/scipy/sparse/linalg/_svdp.py:23: in <module>
    from ._propack import _spropack  # type: ignore[attr-defined]
    ^^^^^^^^^^^^^^^^^^^^^^^^^^^^^^^
E   ImportError: dlopen(/Users/ericjanusson/Programming/MassFlow/.venv/lib/python3.13/site-packages/scipy/sparse/linalg/_propack/_spropack.cpython-313-darwin.so, 0x0002): tried: '/Users/ericjanusson/Programming/MassFlow/.venv/lib/python3.13/site-packages/scipy/sparse/linalg/_propack/_spropack.cpython-313-darwin.so' (section '__DATA/__thread_bss' has a zero-fill section type, but offset field is not zero), '/System/Volumes/Preboot/Cryptexes/OS/Users/ericjanusson/Programming/MassFlow/.venv/lib/python3.13/site-packages/scipy/sparse/linalg/_propack/_spropack.cpython-313-darwin.so' (no such file), '/Users/ericjanusson/Programming/MassFlow/.venv/lib/python3.13/site-packages/scipy/sparse/linalg/_propack/_spropack.cpython-313-darwin.so' (section '__DATA/__thread_bss' has a zero-fill section type, but offset field is not zero)
_________________ ERROR collecting tests/test_sparse_array.py __________________
ImportError while importing test module '/Users/ericjanusson/Programming/MassFlow/tests/test_sparse_array.py'.
Hint: make sure your test modules/packages have valid Python names.
Traceback:
/Library/Frameworks/Python.framework/Versions/3.13/lib/python3.13/importlib/__init__.py:88: in import_module
    return _bootstrap._gcd_import(name[level:], package, level)
           ^^^^^^^^^^^^^^^^^^^^^^^^^^^^^^^^^^^^^^^^^^^^^^^^^^^^
tests/test_sparse_array.py:3: in <module>
    from matchms import Spectrum, calculate_scores
.venv/lib/python3.13/site-packages/matchms/__init__.py:2: in <module>
    from . import exporting, filtering, importing, networking, plotting, similarity
.venv/lib/python3.13/site-packages/matchms/importing/__init__.py:25: in <module>
    from .load_scores import scores_from_json, scores_from_pickle
.venv/lib/python3.13/site-packages/matchms/importing/load_scores.py:2: in <module>
    from matchms.Scores import ScoresBuilder
.venv/lib/python3.13/site-packages/matchms/Scores.py:7: in <module>
    from scipy.sparse import coo_matrix
.venv/lib/python3.13/site-packages/scipy/sparse/__init__.py:315: in <module>
    from . import csgraph
.venv/lib/python3.13/site-packages/scipy/sparse/csgraph/__init__.py:187: in <module>
    from ._laplacian import laplacian
.venv/lib/python3.13/site-packages/scipy/sparse/csgraph/_laplacian.py:7: in <module>
    from scipy.sparse.linalg import LinearOperator
.venv/lib/python3.13/site-packages/scipy/sparse/linalg/__init__.py:134: in <module>
    from ._eigen import *
.venv/lib/python3.13/site-packages/scipy/sparse/linalg/_eigen/__init__.py:11: in <module>
    from ._svds import svds
.venv/lib/python3.13/site-packages/scipy/sparse/linalg/_eigen/_svds.py:10: in <module>
    from scipy.sparse.linalg._svdp import _svdp
.venv/lib/python3.13/site-packages/scipy/sparse/linalg/_svdp.py:23: in <module>
    from ._propack import _spropack  # type: ignore[attr-defined]
    ^^^^^^^^^^^^^^^^^^^^^^^^^^^^^^^
E   ImportError: dlopen(/Users/ericjanusson/Programming/MassFlow/.venv/lib/python3.13/site-packages/scipy/sparse/linalg/_propack/_spropack.cpython-313-darwin.so, 0x0002): tried: '/Users/ericjanusson/Programming/MassFlow/.venv/lib/python3.13/site-packages/scipy/sparse/linalg/_propack/_spropack.cpython-313-darwin.so' (section '__DATA/__thread_bss' has a zero-fill section type, but offset field is not zero), '/System/Volumes/Preboot/Cryptexes/OS/Users/ericjanusson/Programming/MassFlow/.venv/lib/python3.13/site-packages/scipy/sparse/linalg/_propack/_spropack.cpython-313-darwin.so' (no such file), '/Users/ericjanusson/Programming/MassFlow/.venv/lib/python3.13/site-packages/scipy/sparse/linalg/_propack/_spropack.cpython-313-darwin.so' (section '__DATA/__thread_bss' has a zero-fill section type, but offset field is not zero)
______________ ERROR collecting tests/test_sparse_array_large.py _______________
ImportError while importing test module '/Users/ericjanusson/Programming/MassFlow/tests/test_sparse_array_large.py'.
Hint: make sure your test modules/packages have valid Python names.
Traceback:
/Library/Frameworks/Python.framework/Versions/3.13/lib/python3.13/importlib/__init__.py:88: in import_module
    return _bootstrap._gcd_import(name[level:], package, level)
           ^^^^^^^^^^^^^^^^^^^^^^^^^^^^^^^^^^^^^^^^^^^^^^^^^^^^
tests/test_sparse_array_large.py:3: in <module>
    from matchms import Spectrum, calculate_scores
.venv/lib/python3.13/site-packages/matchms/__init__.py:2: in <module>
    from . import exporting, filtering, importing, networking, plotting, similarity
.venv/lib/python3.13/site-packages/matchms/importing/__init__.py:25: in <module>
    from .load_scores import scores_from_json, scores_from_pickle
.venv/lib/python3.13/site-packages/matchms/importing/load_scores.py:2: in <module>
    from matchms.Scores import ScoresBuilder
.venv/lib/python3.13/site-packages/matchms/Scores.py:7: in <module>
    from scipy.sparse import coo_matrix
.venv/lib/python3.13/site-packages/scipy/sparse/__init__.py:315: in <module>
    from . import csgraph
.venv/lib/python3.13/site-packages/scipy/sparse/csgraph/__init__.py:187: in <module>
    from ._laplacian import laplacian
.venv/lib/python3.13/site-packages/scipy/sparse/csgraph/_laplacian.py:7: in <module>
    from scipy.sparse.linalg import LinearOperator
.venv/lib/python3.13/site-packages/scipy/sparse/linalg/__init__.py:134: in <module>
    from ._eigen import *
.venv/lib/python3.13/site-packages/scipy/sparse/linalg/_eigen/__init__.py:11: in <module>
    from ._svds import svds
.venv/lib/python3.13/site-packages/scipy/sparse/linalg/_eigen/_svds.py:10: in <module>
    from scipy.sparse.linalg._svdp import _svdp
.venv/lib/python3.13/site-packages/scipy/sparse/linalg/_svdp.py:23: in <module>
    from ._propack import _spropack  # type: ignore[attr-defined]
    ^^^^^^^^^^^^^^^^^^^^^^^^^^^^^^^
E   ImportError: dlopen(/Users/ericjanusson/Programming/MassFlow/.venv/lib/python3.13/site-packages/scipy/sparse/linalg/_propack/_spropack.cpython-313-darwin.so, 0x0002): tried: '/Users/ericjanusson/Programming/MassFlow/.venv/lib/python3.13/site-packages/scipy/sparse/linalg/_propack/_spropack.cpython-313-darwin.so' (section '__DATA/__thread_bss' has a zero-fill section type, but offset field is not zero), '/System/Volumes/Preboot/Cryptexes/OS/Users/ericjanusson/Programming/MassFlow/.venv/lib/python3.13/site-packages/scipy/sparse/linalg/_propack/_spropack.cpython-313-darwin.so' (no such file), '/Users/ericjanusson/Programming/MassFlow/.venv/lib/python3.13/site-packages/scipy/sparse/linalg/_propack/_spropack.cpython-313-darwin.so' (section '__DATA/__thread_bss' has a zero-fill section type, but offset field is not zero)
________________ ERROR collecting tests/test_sparse_parallel.py ________________
ImportError while importing test module '/Users/ericjanusson/Programming/MassFlow/tests/test_sparse_parallel.py'.
Hint: make sure your test modules/packages have valid Python names.
Traceback:
/Library/Frameworks/Python.framework/Versions/3.13/lib/python3.13/importlib/__init__.py:88: in import_module
    return _bootstrap._gcd_import(name[level:], package, level)
           ^^^^^^^^^^^^^^^^^^^^^^^^^^^^^^^^^^^^^^^^^^^^^^^^^^^^
tests/test_sparse_parallel.py:3: in <module>
    from matchms import Spectrum
.venv/lib/python3.13/site-packages/matchms/__init__.py:2: in <module>
    from . import exporting, filtering, importing, networking, plotting, similarity
.venv/lib/python3.13/site-packages/matchms/importing/__init__.py:25: in <module>
    from .load_scores import scores_from_json, scores_from_pickle
.venv/lib/python3.13/site-packages/matchms/importing/load_scores.py:2: in <module>
    from matchms.Scores import ScoresBuilder
.venv/lib/python3.13/site-packages/matchms/Scores.py:7: in <module>
    from scipy.sparse import coo_matrix
.venv/lib/python3.13/site-packages/scipy/sparse/__init__.py:315: in <module>
    from . import csgraph
.venv/lib/python3.13/site-packages/scipy/sparse/csgraph/__init__.py:187: in <module>
    from ._laplacian import laplacian
.venv/lib/python3.13/site-packages/scipy/sparse/csgraph/_laplacian.py:7: in <module>
    from scipy.sparse.linalg import LinearOperator
.venv/lib/python3.13/site-packages/scipy/sparse/linalg/__init__.py:134: in <module>
    from ._eigen import *
.venv/lib/python3.13/site-packages/scipy/sparse/linalg/_eigen/__init__.py:11: in <module>
    from ._svds import svds
.venv/lib/python3.13/site-packages/scipy/sparse/linalg/_eigen/_svds.py:10: in <module>
    from scipy.sparse.linalg._svdp import _svdp
.venv/lib/python3.13/site-packages/scipy/sparse/linalg/_svdp.py:23: in <module>
    from ._propack import _spropack  # type: ignore[attr-defined]
    ^^^^^^^^^^^^^^^^^^^^^^^^^^^^^^^
E   ImportError: dlopen(/Users/ericjanusson/Programming/MassFlow/.venv/lib/python3.13/site-packages/scipy/sparse/linalg/_propack/_spropack.cpython-313-darwin.so, 0x0002): tried: '/Users/ericjanusson/Programming/MassFlow/.venv/lib/python3.13/site-packages/scipy/sparse/linalg/_propack/_spropack.cpython-313-darwin.so' (section '__DATA/__thread_bss' has a zero-fill section type, but offset field is not zero), '/System/Volumes/Preboot/Cryptexes/OS/Users/ericjanusson/Programming/MassFlow/.venv/lib/python3.13/site-packages/scipy/sparse/linalg/_propack/_spropack.cpython-313-darwin.so' (no such file), '/Users/ericjanusson/Programming/MassFlow/.venv/lib/python3.13/site-packages/scipy/sparse/linalg/_propack/_spropack.cpython-313-darwin.so' (section '__DATA/__thread_bss' has a zero-fill section type, but offset field is not zero)
___________________ ERROR collecting tests/test_threading.py ___________________
ImportError while importing test module '/Users/ericjanusson/Programming/MassFlow/tests/test_threading.py'.
Hint: make sure your test modules/packages have valid Python names.
Traceback:
/Library/Frameworks/Python.framework/Versions/3.13/lib/python3.13/importlib/__init__.py:88: in import_module
    return _bootstrap._gcd_import(name[level:], package, level)
           ^^^^^^^^^^^^^^^^^^^^^^^^^^^^^^^^^^^^^^^^^^^^^^^^^^^^
tests/test_threading.py:3: in <module>
    from matchms import Spectrum, calculate_scores
.venv/lib/python3.13/site-packages/matchms/__init__.py:2: in <module>
    from . import exporting, filtering, importing, networking, plotting, similarity
.venv/lib/python3.13/site-packages/matchms/importing/__init__.py:25: in <module>
    from .load_scores import scores_from_json, scores_from_pickle
.venv/lib/python3.13/site-packages/matchms/importing/load_scores.py:2: in <module>
    from matchms.Scores import ScoresBuilder
.venv/lib/python3.13/site-packages/matchms/Scores.py:7: in <module>
    from scipy.sparse import coo_matrix
.venv/lib/python3.13/site-packages/scipy/sparse/__init__.py:315: in <module>
    from . import csgraph
.venv/lib/python3.13/site-packages/scipy/sparse/csgraph/__init__.py:187: in <module>
    from ._laplacian import laplacian
.venv/lib/python3.13/site-packages/scipy/sparse/csgraph/_laplacian.py:7: in <module>
    from scipy.sparse.linalg import LinearOperator
.venv/lib/python3.13/site-packages/scipy/sparse/linalg/__init__.py:134: in <module>
    from ._eigen import *
.venv/lib/python3.13/site-packages/scipy/sparse/linalg/_eigen/__init__.py:11: in <module>
    from ._svds import svds
.venv/lib/python3.13/site-packages/scipy/sparse/linalg/_eigen/_svds.py:10: in <module>
    from scipy.sparse.linalg._svdp import _svdp
.venv/lib/python3.13/site-packages/scipy/sparse/linalg/_svdp.py:23: in <module>
    from ._propack import _spropack  # type: ignore[attr-defined]
    ^^^^^^^^^^^^^^^^^^^^^^^^^^^^^^^
E   ImportError: dlopen(/Users/ericjanusson/Programming/MassFlow/.venv/lib/python3.13/site-packages/scipy/sparse/linalg/_propack/_spropack.cpython-313-darwin.so, 0x0002): tried: '/Users/ericjanusson/Programming/MassFlow/.venv/lib/python3.13/site-packages/scipy/sparse/linalg/_propack/_spropack.cpython-313-darwin.so' (section '__DATA/__thread_bss' has a zero-fill section type, but offset field is not zero), '/System/Volumes/Preboot/Cryptexes/OS/Users/ericjanusson/Programming/MassFlow/.venv/lib/python3.13/site-packages/scipy/sparse/linalg/_propack/_spropack.cpython-313-darwin.so' (no such file), '/Users/ericjanusson/Programming/MassFlow/.venv/lib/python3.13/site-packages/scipy/sparse/linalg/_propack/_spropack.cpython-313-darwin.so' (section '__DATA/__thread_bss' has a zero-fill section type, but offset field is not zero)
___________________ ERROR collecting tests/test_workflow.py ____________________
ImportError while importing test module '/Users/ericjanusson/Programming/MassFlow/tests/test_workflow.py'.
Hint: make sure your test modules/packages have valid Python names.
Traceback:
/Library/Frameworks/Python.framework/Versions/3.13/lib/python3.13/importlib/__init__.py:88: in import_module
    return _bootstrap._gcd_import(name[level:], package, level)
           ^^^^^^^^^^^^^^^^^^^^^^^^^^^^^^^^^^^^^^^^^^^^^^^^^^^^
tests/test_workflow.py:11: in <module>
    from matchms import Spectrum
.venv/lib/python3.13/site-packages/matchms/__init__.py:2: in <module>
    from . import exporting, filtering, importing, networking, plotting, similarity
.venv/lib/python3.13/site-packages/matchms/importing/__init__.py:25: in <module>
    from .load_scores import scores_from_json, scores_from_pickle
.venv/lib/python3.13/site-packages/matchms/importing/load_scores.py:2: in <module>
    from matchms.Scores import ScoresBuilder
.venv/lib/python3.13/site-packages/matchms/Scores.py:7: in <module>
    from scipy.sparse import coo_matrix
.venv/lib/python3.13/site-packages/scipy/sparse/__init__.py:315: in <module>
    from . import csgraph
.venv/lib/python3.13/site-packages/scipy/sparse/csgraph/__init__.py:187: in <module>
    from ._laplacian import laplacian
.venv/lib/python3.13/site-packages/scipy/sparse/csgraph/_laplacian.py:7: in <module>
    from scipy.sparse.linalg import LinearOperator
.venv/lib/python3.13/site-packages/scipy/sparse/linalg/__init__.py:134: in <module>
    from ._eigen import *
.venv/lib/python3.13/site-packages/scipy/sparse/linalg/_eigen/__init__.py:11: in <module>
    from ._svds import svds
.venv/lib/python3.13/site-packages/scipy/sparse/linalg/_eigen/_svds.py:10: in <module>
    from scipy.sparse.linalg._svdp import _svdp
.venv/lib/python3.13/site-packages/scipy/sparse/linalg/_svdp.py:23: in <module>
    from ._propack import _spropack  # type: ignore[attr-defined]
    ^^^^^^^^^^^^^^^^^^^^^^^^^^^^^^^
E   ImportError: dlopen(/Users/ericjanusson/Programming/MassFlow/.venv/lib/python3.13/site-packages/scipy/sparse/linalg/_propack/_spropack.cpython-313-darwin.so, 0x0002): tried: '/Users/ericjanusson/Programming/MassFlow/.venv/lib/python3.13/site-packages/scipy/sparse/linalg/_propack/_spropack.cpython-313-darwin.so' (section '__DATA/__thread_bss' has a zero-fill section type, but offset field is not zero), '/System/Volumes/Preboot/Cryptexes/OS/Users/ericjanusson/Programming/MassFlow/.venv/lib/python3.13/site-packages/scipy/sparse/linalg/_propack/_spropack.cpython-313-darwin.so' (no such file), '/Users/ericjanusson/Programming/MassFlow/.venv/lib/python3.13/site-packages/scipy/sparse/linalg/_propack/_spropack.cpython-313-darwin.so' (section '__DATA/__thread_bss' has a zero-fill section type, but offset field is not zero)
=========================== short test summary info ============================
ERROR tests/benchmarks/test_matching_latency.py
ERROR tests/benchmarks/test_performance.py
ERROR tests/scientific_validation/test_ground_truth_anchor.py
ERROR tests/smoke_test.py
ERROR tests/test_annotation_coverage.py
ERROR tests/test_array_type.py
ERROR tests/test_array_type_large.py
ERROR tests/test_cascade_end_to_end.py
ERROR tests/test_cascade_performance.py
ERROR tests/test_core_edge_cases.py
ERROR tests/test_database.py
ERROR tests/test_decoy_generation.py
ERROR tests/test_end_to_end_mvp.py
ERROR tests/test_fdr.py
ERROR tests/test_final_coverage.py
ERROR tests/test_io.py
ERROR tests/test_io_validation_layer.py
ERROR tests/test_joblib.py
ERROR tests/test_migrations.py
ERROR tests/test_ms1_prefilter.py
ERROR tests/test_multiprocessing.py
ERROR tests/test_multiprocessing_large.py
ERROR tests/test_networking.py
ERROR tests/test_numba_prefilter.py
ERROR tests/test_pool_init.py
ERROR tests/test_processing.py
ERROR tests/test_scientific_failures.py
ERROR tests/test_similarity.py
ERROR tests/test_similarity_engine.py
ERROR tests/test_sparse_array.py
ERROR tests/test_sparse_array_large.py
ERROR tests/test_sparse_parallel.py
ERROR tests/test_threading.py
ERROR tests/test_workflow.py
!!!!!!!!!!!!!!!!!!! Interrupted: 34 errors during collection !!!!!!!!!!!!!!!!!!!
============================== 34 errors in 1.71s ==============================
